

================================================================
== Vitis HLS Report for 'generic_tanh_double_s'
================================================================
* Date:           Thu Jan  9 17:24:04 2025

* Version:        2023.2 (Build 4023990 on Oct 11 2023)
* Project:        CNN_lenet5
* Solution:       solution1 (Vivado IP Flow Target)
* Product family: zynq
* Target device:  xc7z020-clg484-1


================================================================
== Performance Estimates
================================================================
+ Timing: 
    * Summary: 
    +--------+----------+----------+------------+
    |  Clock |  Target  | Estimated| Uncertainty|
    +--------+----------+----------+------------+
    |ap_clk  |  10.00 ns|  8.536 ns|     2.70 ns|
    +--------+----------+----------+------------+

+ Latency: 
    * Summary: 
    +---------+---------+----------+----------+-----+-----+---------+
    |  Latency (cycles) |  Latency (absolute) |  Interval | Pipeline|
    |   min   |   max   |    min   |    max   | min | max |   Type  |
    +---------+---------+----------+----------+-----+-----+---------+
    |      120|      120|  1.200 us|  1.200 us|   10|   10|      yes|
    +---------+---------+----------+----------+-----+-----+---------+

    + Detail: 
        * Instance: 
        +--------------------------------+----------------------+---------+---------+----------+----------+-----+-----+---------+
        |                                |                      |  Latency (cycles) |  Latency (absolute) |  Interval | Pipeline|
        |            Instance            |        Module        |   min   |   max   |    min   |    max   | min | max |   Type  |
        +--------------------------------+----------------------+---------+---------+----------+----------+-----+-----+---------+
        |grp_exp_generic_double_s_fu_89  |exp_generic_double_s  |       28|       28|  0.280 us|  0.280 us|    1|    1|      yes|
        +--------------------------------+----------------------+---------+---------+----------+----------+-----+-----+---------+

        * Loop: 
        N/A



================================================================
== Utilization Estimates
================================================================
* Summary: 
+-----------------+---------+-----+--------+-------+-----+
|       Name      | BRAM_18K| DSP |   FF   |  LUT  | URAM|
+-----------------+---------+-----+--------+-------+-----+
|DSP              |        -|    -|       -|      -|    -|
|Expression       |        -|    -|       0|    622|    -|
|FIFO             |        -|    -|       -|      -|    -|
|Instance         |        5|   32|    4324|   4554|    -|
|Memory           |        -|    -|       -|      -|    -|
|Multiplexer      |        -|    -|       -|    227|    -|
|Register         |        -|    -|    2481|    288|    -|
+-----------------+---------+-----+--------+-------+-----+
|Total            |        5|   32|    6805|   5691|    0|
+-----------------+---------+-----+--------+-------+-----+
|Available        |      280|  220|  106400|  53200|    0|
+-----------------+---------+-----+--------+-------+-----+
|Utilization (%)  |        1|   14|       6|     10|    0|
+-----------------+---------+-----+--------+-------+-----+

+ Detail: 
    * Instance: 
    +----------------------------------------+------------------------------------+---------+----+------+------+-----+
    |                Instance                |               Module               | BRAM_18K| DSP|  FF  |  LUT | URAM|
    +----------------------------------------+------------------------------------+---------+----+------+------+-----+
    |dadddsub_64ns_64ns_64_7_full_dsp_1_U15  |dadddsub_64ns_64ns_64_7_full_dsp_1  |        0|   3|   630|  1141|    0|
    |dcmp_64ns_64ns_1_2_no_dsp_1_U18         |dcmp_64ns_64ns_1_2_no_dsp_1         |        0|   0|     0|     0|    0|
    |ddiv_64ns_64ns_64_59_no_dsp_1_U17       |ddiv_64ns_64ns_64_59_no_dsp_1       |        0|   0|     0|     0|    0|
    |grp_exp_generic_double_s_fu_89          |exp_generic_double_s                |        5|  29|  3694|  3413|    0|
    +----------------------------------------+------------------------------------+---------+----+------+------+-----+
    |Total                                   |                                    |        5|  32|  4324|  4554|    0|
    +----------------------------------------+------------------------------------+---------+----+------+------+-----+

    * DSP: 
    N/A

    * Memory: 
    N/A

    * FIFO: 
    N/A

    * Expression: 
    +-----------------------------------------+----------+----+---+----+------------+------------+
    |              Variable Name              | Operation| DSP| FF| LUT| Bitwidth P0| Bitwidth P1|
    +-----------------------------------------+----------+----+---+----+------------+------------+
    |and_ln10_1_fu_293_p2                     |       and|   0|  0|   2|           1|           1|
    |and_ln10_fu_287_p2                       |       and|   0|  0|   2|           1|           1|
    |and_ln46_fu_197_p2                       |       and|   0|  0|   2|           1|           1|
    |and_ln9_1_fu_269_p2                      |       and|   0|  0|   2|           1|           1|
    |and_ln9_fu_263_p2                        |       and|   0|  0|   2|           1|           1|
    |ap_condition_350                         |       and|   0|  0|   2|           1|           1|
    |ap_condition_627                         |       and|   0|  0|   2|           1|           1|
    |ap_predicate_op184_call_state11_state10  |       and|   0|  0|   2|           1|           1|
    |ap_predicate_pred122_state113            |       and|   0|  0|   2|           1|           1|
    |ap_predicate_pred136_state113            |       and|   0|  0|   2|           1|           1|
    |ap_predicate_pred396_state47             |       and|   0|  0|   2|           1|           1|
    |ap_predicate_pred466_state114            |       and|   0|  0|   2|           1|           1|
    |ap_predicate_pred636_state55             |       and|   0|  0|   2|           1|           1|
    |ap_predicate_pred641_state55             |       and|   0|  0|   2|           1|           1|
    |ap_predicate_pred786_state40             |       and|   0|  0|   2|           1|           1|
    |icmp_ln10_fu_281_p2                      |      icmp|   0|  0|  12|          11|          10|
    |icmp_ln36_fu_173_p2                      |      icmp|   0|  0|  12|          11|           2|
    |icmp_ln38_fu_203_p2                      |      icmp|   0|  0|  59|          52|           1|
    |icmp_ln45_fu_179_p2                      |      icmp|   0|  0|  12|          11|          10|
    |icmp_ln46_1_fu_191_p2                    |      icmp|   0|  0|  59|          52|           1|
    |icmp_ln46_fu_185_p2                      |      icmp|   0|  0|  12|          11|          10|
    |icmp_ln54_fu_209_p2                      |      icmp|   0|  0|  12|          11|          10|
    |icmp_ln9_1_fu_257_p2                     |      icmp|   0|  0|  12|          11|           1|
    |icmp_ln9_fu_251_p2                       |      icmp|   0|  0|  12|          11|          10|
    |or_ln55_fu_214_p2                        |        or|   0|  0|  65|          64|          65|
    |ap_return                                |    select|   0|  0|  64|           1|          64|
    |select_ln38_fu_314_p3                    |    select|   0|  0|  63|           1|          63|
    |x_3_fu_224_p3                            |    select|   0|  0|  64|           1|          64|
    |ap_enable_pp0                            |       xor|   0|  0|   2|           1|           2|
    |xor_ln10_fu_275_p2                       |       xor|   0|  0|   2|           1|           2|
    |xor_ln66_fu_303_p2                       |       xor|   0|  0|  65|          64|          65|
    |xor_ln83_fu_325_p2                       |       xor|   0|  0|  65|          64|          65|
    +-----------------------------------------+----------+----+---+----+------------+------------+
    |Total                                    |          |   0|  0| 622|         393|         460|
    +-----------------------------------------+----------+----+---+----+------------+------------+

    * Multiplexer: 
    +----------------------------------------+----+-----------+-----+-----------+
    |                  Name                  | LUT| Input Size| Bits| Total Bits|
    +----------------------------------------+----+-----------+-----+-----------+
    |ap_NS_fsm                               |  59|         11|    1|         11|
    |ap_enable_reg_pp0_iter0                 |   9|          2|    1|          2|
    |ap_enable_reg_pp0_iter12                |   9|          2|    1|          2|
    |ap_phi_mux_resultf_3_phi_fu_76_p10      |   9|          2|   64|        128|
    |ap_phi_reg_pp0_iter11_resultf_3_reg_72  |   9|          2|   64|        128|
    |ap_phi_reg_pp0_iter12_resultf_3_reg_72  |   9|          2|   64|        128|
    |ap_phi_reg_pp0_iter1_expx_reg_60        |   9|          2|   64|        128|
    |ap_phi_reg_pp0_iter1_resultf_3_reg_72   |   9|          2|   64|        128|
    |ap_phi_reg_pp0_iter4_expx_reg_60        |   9|          2|   64|        128|
    |grp_fu_100_opcode                       |  14|          3|    2|          6|
    |grp_fu_100_p0                           |  37|          7|   64|        448|
    |grp_fu_100_p1                           |  31|          6|   64|        384|
    |grp_fu_113_p0                           |  14|          3|   64|        192|
    +----------------------------------------+----+-----------+-----+-----------+
    |Total                                   | 227|         46|  581|       1813|
    +----------------------------------------+----+-----------+-----+-----------+

    * Register: 
    +---------------------------------------------+----+----+-----+-----------+
    |                     Name                    | FF | LUT| Bits| Const Bits|
    +---------------------------------------------+----+----+-----+-----------+
    |abst_in_reg_357                              |  63|   0|   64|          1|
    |add2_reg_441                                 |  64|   0|   64|          0|
    |add_reg_396                                  |  64|   0|   64|          0|
    |and_ln10_1_reg_422                           |   1|   0|    1|          0|
    |and_ln46_reg_373                             |   1|   0|    1|          0|
    |and_ln9_1_reg_418                            |   1|   0|    1|          0|
    |ap_CS_fsm                                    |  10|   0|   10|          0|
    |ap_enable_reg_pp0_iter0_reg                  |   1|   0|    1|          0|
    |ap_enable_reg_pp0_iter1                      |   1|   0|    1|          0|
    |ap_enable_reg_pp0_iter10                     |   1|   0|    1|          0|
    |ap_enable_reg_pp0_iter11                     |   1|   0|    1|          0|
    |ap_enable_reg_pp0_iter12                     |   1|   0|    1|          0|
    |ap_enable_reg_pp0_iter2                      |   1|   0|    1|          0|
    |ap_enable_reg_pp0_iter3                      |   1|   0|    1|          0|
    |ap_enable_reg_pp0_iter4                      |   1|   0|    1|          0|
    |ap_enable_reg_pp0_iter5                      |   1|   0|    1|          0|
    |ap_enable_reg_pp0_iter6                      |   1|   0|    1|          0|
    |ap_enable_reg_pp0_iter7                      |   1|   0|    1|          0|
    |ap_enable_reg_pp0_iter8                      |   1|   0|    1|          0|
    |ap_enable_reg_pp0_iter9                      |   1|   0|    1|          0|
    |ap_phi_reg_pp0_iter10_resultf_3_reg_72       |  64|   0|   64|          0|
    |ap_phi_reg_pp0_iter11_resultf_3_reg_72       |  64|   0|   64|          0|
    |ap_phi_reg_pp0_iter12_resultf_3_reg_72       |  64|   0|   64|          0|
    |ap_phi_reg_pp0_iter1_expx_reg_60             |  64|   0|   64|          0|
    |ap_phi_reg_pp0_iter1_resultf_3_reg_72        |  64|   0|   64|          0|
    |ap_phi_reg_pp0_iter2_expx_reg_60             |  64|   0|   64|          0|
    |ap_phi_reg_pp0_iter2_resultf_3_reg_72        |  64|   0|   64|          0|
    |ap_phi_reg_pp0_iter3_expx_reg_60             |  64|   0|   64|          0|
    |ap_phi_reg_pp0_iter3_resultf_3_reg_72        |  64|   0|   64|          0|
    |ap_phi_reg_pp0_iter4_expx_reg_60             |  64|   0|   64|          0|
    |ap_phi_reg_pp0_iter4_resultf_3_reg_72        |  64|   0|   64|          0|
    |ap_phi_reg_pp0_iter5_resultf_3_reg_72        |  64|   0|   64|          0|
    |ap_phi_reg_pp0_iter6_resultf_3_reg_72        |  64|   0|   64|          0|
    |ap_phi_reg_pp0_iter7_resultf_3_reg_72        |  64|   0|   64|          0|
    |ap_phi_reg_pp0_iter8_resultf_3_reg_72        |  64|   0|   64|          0|
    |ap_phi_reg_pp0_iter9_resultf_3_reg_72        |  64|   0|   64|          0|
    |ap_predicate_pred122_state113                |   1|   0|    1|          0|
    |ap_predicate_pred136_state113                |   1|   0|    1|          0|
    |ap_predicate_pred396_state47                 |   1|   0|    1|          0|
    |ap_predicate_pred466_state114                |   1|   0|    1|          0|
    |ap_predicate_pred636_state55                 |   1|   0|    1|          0|
    |ap_predicate_pred641_state55                 |   1|   0|    1|          0|
    |ap_predicate_pred786_state40                 |   1|   0|    1|          0|
    |din_exp_reg_347                              |  11|   0|   11|          0|
    |din_sign_reg_342                             |   1|   0|    1|          0|
    |expx_reg_60                                  |  64|   0|   64|          0|
    |grp_exp_generic_double_s_fu_89_ap_start_reg  |   1|   0|    1|          0|
    |icmp_ln36_reg_365                            |   1|   0|    1|          0|
    |icmp_ln38_reg_377                            |   1|   0|    1|          0|
    |icmp_ln45_reg_369                            |   1|   0|    1|          0|
    |icmp_ln54_reg_386                            |   1|   0|    1|          0|
    |reg_123                                      |  64|   0|   64|          0|
    |resultf_2_reg_451                            |  64|   0|   64|          0|
    |resultf_reg_426                              |  64|   0|   64|          0|
    |sub_i_reg_436                                |  64|   0|   64|          0|
    |t_reg_352                                    |  63|   0|   64|          1|
    |tmp_2_reg_382                                |   1|   0|    1|          0|
    |tmp_4_reg_431                                |  64|   0|   64|          0|
    |x_1_reg_406                                  |  64|   0|   64|          0|
    |x_3_reg_411                                  |  64|   0|   64|          0|
    |x_reg_401                                    |  64|   0|   64|          0|
    |and_ln10_1_reg_422                           |  64|  32|    1|          0|
    |and_ln46_reg_373                             |  64|  32|    1|          0|
    |and_ln9_1_reg_418                            |  64|  32|    1|          0|
    |din_sign_reg_342                             |  64|  32|    1|          0|
    |icmp_ln36_reg_365                            |  64|  32|    1|          0|
    |icmp_ln38_reg_377                            |  64|  32|    1|          0|
    |icmp_ln45_reg_369                            |  64|  32|    1|          0|
    |icmp_ln54_reg_386                            |  64|  32|    1|          0|
    |tmp_2_reg_382                                |  64|  32|    1|          0|
    +---------------------------------------------+----+----+-----+-----------+
    |Total                                        |2481| 288| 1916|          2|
    +---------------------------------------------+----+----+-----+-----------+



================================================================
== Interface
================================================================
* Summary: 
+---------------------+-----+-----+------------+----------------------+--------------+
|      RTL Ports      | Dir | Bits|  Protocol  |     Source Object    |    C Type    |
+---------------------+-----+-----+------------+----------------------+--------------+
|ap_clk               |   in|    1|  ap_ctrl_hs|  generic_tanh<double>|  return value|
|ap_rst               |   in|    1|  ap_ctrl_hs|  generic_tanh<double>|  return value|
|ap_start             |   in|    1|  ap_ctrl_hs|  generic_tanh<double>|  return value|
|ap_done              |  out|    1|  ap_ctrl_hs|  generic_tanh<double>|  return value|
|ap_idle              |  out|    1|  ap_ctrl_hs|  generic_tanh<double>|  return value|
|ap_ready             |  out|    1|  ap_ctrl_hs|  generic_tanh<double>|  return value|
|ap_return            |  out|   64|  ap_ctrl_hs|  generic_tanh<double>|  return value|
|grp_fu_1279_p_din0   |  out|   64|  ap_ctrl_hs|  generic_tanh<double>|  return value|
|grp_fu_1279_p_din1   |  out|   64|  ap_ctrl_hs|  generic_tanh<double>|  return value|
|grp_fu_1279_p_dout0  |   in|   64|  ap_ctrl_hs|  generic_tanh<double>|  return value|
|grp_fu_1279_p_ce     |  out|    1|  ap_ctrl_hs|  generic_tanh<double>|  return value|
|t_in                 |   in|   64|     ap_none|                  t_in|        scalar|
+---------------------+-----+-----+------------+----------------------+--------------+

