

================================================================
== Vitis HLS Report for 'cnn_lenet_Pipeline_calculateLayer2_loop_OutputRow_Loop_OutputColumn_Loop'
================================================================
* Date:           Thu Feb  6 10:25:01 2025

* Version:        2023.2 (Build 4023990 on Oct 11 2023)
* Project:        CNN_lenet5
* Solution:       solution10 (Vivado IP Flow Target)
* Product family: zynq
* Target device:  xc7z020-clg484-1


================================================================
== Performance Estimates
================================================================
+ Timing: 
    * Summary: 
    +--------+----------+-----------+------------+
    |  Clock |  Target  | Estimated | Uncertainty|
    +--------+----------+-----------+------------+
    |ap_clk  |  20.00 ns|  13.966 ns|     5.40 ns|
    +--------+----------+-----------+------------+

+ Latency: 
    * Summary: 
    +---------+---------+----------+----------+-------+-------+---------+
    |  Latency (cycles) |  Latency (absolute) |    Interval   | Pipeline|
    |   min   |   max   |    min   |    max   |  min  |  max  |   Type  |
    +---------+---------+----------+----------+-------+-------+---------+
    |    26455|    26455|  0.529 ms|  0.529 ms|  26455|  26455|       no|
    +---------+---------+----------+----------+-------+-------+---------+

    + Detail: 
        * Instance: 
        +--------------------+---------+---------+---------+----------+----------+-----+-----+---------+
        |                    |         |  Latency (cycles) |  Latency (absolute) |  Interval | Pipeline|
        |      Instance      |  Module |   min   |   max   |    min   |    max   | min | max |   Type  |
        +--------------------+---------+---------+---------+----------+----------+-----+-----+---------+
        |grp_SIGMOID_fu_733  |SIGMOID  |        9|        9|  0.180 us|  0.180 us|    1|    1|      yes|
        +--------------------+---------+---------+---------+----------+----------+-----+-----+---------+

        * Loop: 
        +---------------------------------------------------------+---------+---------+----------+-----------+-----------+------+----------+
        |                                                         |  Latency (cycles) | Iteration|  Initiation Interval  | Trip |          |
        |                        Loop Name                        |   min   |   max   |  Latency |  achieved |   target  | Count| Pipelined|
        +---------------------------------------------------------+---------+---------+----------+-----------+-----------+------+----------+
        |- calculateLayer2_loop_OutputRow_Loop_OutputColumn_Loop  |    26453|    26453|       116|         26|         26|  1014|       yes|
        +---------------------------------------------------------+---------+---------+----------+-----------+-----------+------+----------+



================================================================
== Utilization Estimates
================================================================
* Summary: 
+-----------------+---------+-----+--------+-------+-----+
|       Name      | BRAM_18K| DSP |   FF   |  LUT  | URAM|
+-----------------+---------+-----+--------+-------+-----+
|DSP              |        -|    2|       -|      -|    -|
|Expression       |        -|    -|       0|   1141|    -|
|FIFO             |        -|    -|       -|      -|    -|
|Instance         |        -|    1|     282|    259|    -|
|Memory           |        1|    -|       0|      0|    -|
|Multiplexer      |        -|    -|       -|    775|    -|
|Register         |        -|    -|    2156|    384|    -|
+-----------------+---------+-----+--------+-------+-----+
|Total            |        1|    3|    2438|   2559|    0|
+-----------------+---------+-----+--------+-------+-----+
|Available        |      280|  220|  106400|  53200|    0|
+-----------------+---------+-----+--------+-------+-----+
|Utilization (%)  |       ~0|    1|       2|      4|    0|
+-----------------+---------+-----+--------+-------+-----+

+ Detail: 
    * Instance: 
    +--------------------------+----------------------+---------+----+-----+-----+-----+
    |         Instance         |        Module        | BRAM_18K| DSP|  FF | LUT | URAM|
    +--------------------------+----------------------+---------+----+-----+-----+-----+
    |mul_10ns_12ns_21_1_1_U16  |mul_10ns_12ns_21_1_1  |        0|   1|    0|    6|    0|
    |mul_3ns_6ns_8_1_1_U13     |mul_3ns_6ns_8_1_1     |        0|   0|    0|   26|    0|
    |mul_4ns_7ns_10_1_1_U14    |mul_4ns_7ns_10_1_1    |        0|   0|    0|   33|    0|
    |urem_10ns_4ns_3_14_1_U15  |urem_10ns_4ns_3_14_1  |        0|   0|  282|  194|    0|
    +--------------------------+----------------------+---------+----+-----+-----+-----+
    |Total                     |                      |        0|   1|  282|  259|    0|
    +--------------------------+----------------------+---------+----+-----+-----+-----+

    * DSP: 
    +------------------------------------+--------------------------------+--------------+
    |              Instance              |             Module             |  Expression  |
    +------------------------------------+--------------------------------+--------------+
    |mac_muladd_3ns_8ns_4ns_10_4_1_U17   |mac_muladd_3ns_8ns_4ns_10_4_1   |  i0 * i1 + i2|
    |mac_muladd_4ns_4ns_10ns_10_4_1_U18  |mac_muladd_4ns_4ns_10ns_10_4_1  |  i0 + i1 * i2|
    +------------------------------------+--------------------------------+--------------+

    * Memory: 
    +----------------------+----------------------------------------------------------------------------------+---------+---+----+-----+------+-----+------+-------------+
    |        Memory        |                                      Module                                      | BRAM_18K| FF| LUT| URAM| Words| Bits| Banks| W*Bits*Banks|
    +----------------------+----------------------------------------------------------------------------------+---------+---+----+-----+------+-----+------+-------------+
    |Layer1_Weights_CPU_U  |cnn_lenet_Pipeline_calculateLayer2_loop_OutputRow_Loop_OutputColumn_Loop_Layebkb  |        1|  0|   0|    0|   156|   32|     1|         4992|
    +----------------------+----------------------------------------------------------------------------------+---------+---+----+-----+------+-----+------+-------------+
    |Total                 |                                                                                  |        1|  0|   0|    0|   156|   32|     1|         4992|
    +----------------------+----------------------------------------------------------------------------------+---------+---+----+-----+------+-----+------+-------------+

    * FIFO: 
    N/A

    * Expression: 
    +-------------------------+----------+----+---+----+------------+------------+
    |      Variable Name      | Operation| DSP| FF| LUT| Bitwidth P0| Bitwidth P1|
    +-------------------------+----------+----+---+----+------------+------------+
    |add_ln29_1_fu_853_p2     |         +|   0|  0|  11|           3|           1|
    |add_ln29_fu_838_p2       |         +|   0|  0|  13|          10|           1|
    |add_ln30_1_fu_892_p2     |         +|   0|  0|  15|           8|           1|
    |add_ln30_fu_951_p2       |         +|   0|  0|  13|           4|           1|
    |add_ln31_fu_1019_p2      |         +|   0|  0|  13|           4|           1|
    |add_ln38_10_fu_1384_p2   |         +|   0|  0|  13|          10|          10|
    |add_ln38_11_fu_1418_p2   |         +|   0|  0|  13|          10|          10|
    |add_ln38_12_fu_1452_p2   |         +|   0|  0|  13|          10|          10|
    |add_ln38_13_fu_1486_p2   |         +|   0|  0|  13|          10|          10|
    |add_ln38_14_fu_1520_p2   |         +|   0|  0|  13|          10|          10|
    |add_ln38_15_fu_1554_p2   |         +|   0|  0|  13|          10|          10|
    |add_ln38_16_fu_1588_p2   |         +|   0|  0|  13|          10|          10|
    |add_ln38_17_fu_1626_p2   |         +|   0|  0|  13|          10|          10|
    |add_ln38_18_fu_1660_p2   |         +|   0|  0|  13|          10|          10|
    |add_ln38_19_fu_1694_p2   |         +|   0|  0|  13|          10|          10|
    |add_ln38_1_fu_1053_p2    |         +|   0|  0|  13|          10|          10|
    |add_ln38_20_fu_1732_p2   |         +|   0|  0|  13|          10|          10|
    |add_ln38_21_fu_1766_p2   |         +|   0|  0|  13|          10|          10|
    |add_ln38_22_fu_1800_p2   |         +|   0|  0|  13|          10|          10|
    |add_ln38_23_fu_1834_p2   |         +|   0|  0|  13|          10|          10|
    |add_ln38_24_fu_1853_p2   |         +|   0|  0|  13|          10|          10|
    |add_ln38_25_fu_1078_p2   |         +|   0|  0|  13|           5|           2|
    |add_ln38_26_fu_1112_p2   |         +|   0|  0|  13|           5|           2|
    |add_ln38_27_fu_1151_p2   |         +|   0|  0|  13|           5|           3|
    |add_ln38_28_fu_1188_p2   |         +|   0|  0|  14|           6|           5|
    |add_ln38_29_fu_1223_p2   |         +|   0|  0|  14|           6|           5|
    |add_ln38_2_fu_1087_p2    |         +|   0|  0|  13|          10|          10|
    |add_ln38_30_fu_1257_p2   |         +|   0|  0|  14|           6|           5|
    |add_ln38_31_fu_1374_p2   |         +|   0|  0|  14|           7|           6|
    |add_ln38_32_fu_1409_p2   |         +|   0|  0|  14|           7|           6|
    |add_ln38_33_fu_1443_p2   |         +|   0|  0|  14|           7|           6|
    |add_ln38_34_fu_1477_p2   |         +|   0|  0|  14|           7|           6|
    |add_ln38_35_fu_1511_p2   |         +|   0|  0|  14|           7|           6|
    |add_ln38_36_fu_1545_p2   |         +|   0|  0|  14|           7|           7|
    |add_ln38_37_fu_1579_p2   |         +|   0|  0|  14|           7|           7|
    |add_ln38_38_fu_1617_p2   |         +|   0|  0|  14|           7|           7|
    |add_ln38_39_fu_1651_p2   |         +|   0|  0|  14|           7|           7|
    |add_ln38_3_fu_1121_p2    |         +|   0|  0|  13|          10|          10|
    |add_ln38_40_fu_1685_p2   |         +|   0|  0|  14|           7|           7|
    |add_ln38_41_fu_1722_p2   |         +|   0|  0|  15|           8|           7|
    |add_ln38_42_fu_1757_p2   |         +|   0|  0|  15|           8|           7|
    |add_ln38_43_fu_1791_p2   |         +|   0|  0|  15|           8|           7|
    |add_ln38_44_fu_1825_p2   |         +|   0|  0|  15|           8|           7|
    |add_ln38_45_fu_1844_p2   |         +|   0|  0|  15|           8|           7|
    |add_ln38_4_fu_1160_p2    |         +|   0|  0|  13|          10|          10|
    |add_ln38_5_fu_1198_p2    |         +|   0|  0|  13|          10|          10|
    |add_ln38_6_fu_1232_p2    |         +|   0|  0|  13|          10|          10|
    |add_ln38_7_fu_1266_p2    |         +|   0|  0|  13|          10|          10|
    |add_ln38_8_fu_1304_p2    |         +|   0|  0|  13|          10|          10|
    |add_ln38_9_fu_1346_p2    |         +|   0|  0|  13|          10|          10|
    |add_ln38_fu_1008_p2      |         +|   0|  0|  13|          10|          10|
    |empty_208_fu_1704_p2     |         +|   0|  0|  15|           8|           5|
    |empty_210_fu_1035_p2     |         +|   0|  0|  15|           8|           2|
    |empty_211_fu_1063_p2     |         +|   0|  0|  15|           8|           2|
    |empty_212_fu_1097_p2     |         +|   0|  0|  15|           8|           3|
    |empty_213_fu_1136_p2     |         +|   0|  0|  15|           8|           3|
    |empty_214_fu_1170_p2     |         +|   0|  0|  15|           8|           3|
    |empty_215_fu_1208_p2     |         +|   0|  0|  15|           8|           3|
    |empty_216_fu_1242_p2     |         +|   0|  0|  15|           8|           4|
    |empty_217_fu_1276_p2     |         +|   0|  0|  15|           8|           4|
    |empty_218_fu_1314_p2     |         +|   0|  0|  15|           8|           4|
    |empty_219_fu_1356_p2     |         +|   0|  0|  15|           8|           4|
    |empty_220_fu_1394_p2     |         +|   0|  0|  15|           8|           4|
    |empty_221_fu_1428_p2     |         +|   0|  0|  15|           8|           4|
    |empty_222_fu_1462_p2     |         +|   0|  0|  15|           8|           4|
    |empty_223_fu_1496_p2     |         +|   0|  0|  15|           8|           4|
    |empty_224_fu_1530_p2     |         +|   0|  0|  15|           8|           5|
    |empty_225_fu_1564_p2     |         +|   0|  0|  15|           8|           5|
    |empty_226_fu_1602_p2     |         +|   0|  0|  15|           8|           5|
    |empty_227_fu_1636_p2     |         +|   0|  0|  15|           8|           5|
    |empty_228_fu_1670_p2     |         +|   0|  0|  15|           8|           5|
    |empty_229_fu_1742_p2     |         +|   0|  0|  15|           8|           5|
    |empty_230_fu_1776_p2     |         +|   0|  0|  15|           8|           5|
    |empty_231_fu_1810_p2     |         +|   0|  0|  15|           8|           5|
    |empty_232_fu_1858_p2     |         +|   0|  0|  15|           8|           5|
    |and_ln26_fu_945_p2       |       and|   0|  0|   2|           1|           1|
    |icmp_ln29_fu_832_p2      |      icmp|   0|  0|  13|          10|           5|
    |icmp_ln30_fu_847_p2      |      icmp|   0|  0|  15|           8|           8|
    |icmp_ln31_fu_939_p2      |      icmp|   0|  0|  13|           4|           3|
    |empty_209_fu_881_p2      |        or|   0|  0|   8|           8|           1|
    |empty_235_fu_1045_p2     |        or|   0|  0|  10|          10|           1|
    |or_ln26_fu_957_p2        |        or|   0|  0|   2|           1|           1|
    |or_ln38_fu_1329_p2       |        or|   0|  0|   5|           5|           1|
    |select_ln26_1_fu_962_p3  |    select|   0|  0|   4|           1|           1|
    |select_ln26_fu_927_p3    |    select|   0|  0|   4|           1|           1|
    |select_ln29_fu_859_p3    |    select|   0|  0|   3|           1|           3|
    |select_ln30_1_fu_898_p3  |    select|   0|  0|   8|           1|           1|
    |select_ln30_fu_970_p3    |    select|   0|  0|   4|           1|           4|
    |ap_enable_pp0            |       xor|   0|  0|   2|           1|           2|
    |xor_ln26_fu_934_p2       |       xor|   0|  0|   2|           1|           2|
    +-------------------------+----------+----+---+----+------------+------------+
    |Total                    |          |   0|  0|1141|         668|         510|
    +-------------------------+----------+----+---+----+------------+------------+

    * Multiplexer: 
    +----------------------------------------+-----+-----------+-----+-----------+
    |                  Name                  | LUT | Input Size| Bits| Total Bits|
    +----------------------------------------+-----+-----------+-----+-----------+
    |Layer1_Neurons_CPU_address0             |  117|         26|   10|        260|
    |Layer1_Weights_CPU_address0             |  121|         27|    8|        216|
    |ap_NS_fsm                               |  121|         27|    1|         27|
    |ap_done_int                             |    9|          2|    1|          2|
    |ap_enable_reg_pp0_iter0                 |    9|          2|    1|          2|
    |ap_enable_reg_pp0_iter1                 |    9|          2|    1|          2|
    |ap_enable_reg_pp0_iter4                 |    9|          2|    1|          2|
    |ap_loop_exit_ready_pp0_iter1_reg        |    9|          2|    1|          2|
    |ap_loop_exit_ready_pp0_iter2_reg        |    9|          2|    1|          2|
    |ap_loop_exit_ready_pp0_iter3_reg        |    9|          2|    1|          2|
    |ap_sig_allocacmp_i_load                 |    9|          2|    3|          6|
    |ap_sig_allocacmp_indvar_flatten12_load  |    9|          2|   10|         20|
    |ap_sig_allocacmp_indvar_flatten_load    |    9|          2|    8|         16|
    |grp_fu_747_p0                           |   31|          6|   32|        192|
    |grp_fu_747_p1                           |  113|         25|   32|        800|
    |grp_fu_751_p0                           |   20|          4|   32|        128|
    |grp_fu_751_p1                           |  117|         26|   32|        832|
    |i_fu_216                                |    9|          2|    3|          6|
    |indvar_flatten12_fu_220                 |    9|          2|   10|         20|
    |indvar_flatten_fu_212                   |    9|          2|    8|         16|
    |j_fu_208                                |    9|          2|    4|          8|
    |k_fu_204                                |    9|          2|    4|          8|
    +----------------------------------------+-----+-----------+-----+-----------+
    |Total                                   |  775|        171|  204|       2569|
    +----------------------------------------+-----+-----------+-----+-----------+

    * Register: 
    +----------------------------------+----+----+-----+-----------+
    |               Name               | FF | LUT| Bits| Const Bits|
    +----------------------------------+----+----+-----+-----------+
    |add_ln38_24_reg_2565              |  10|   0|   10|          0|
    |add_ln41_reg_2133                 |  10|   0|   10|          0|
    |ap_CS_fsm                         |  26|   0|   26|          0|
    |ap_done_reg                       |   1|   0|    1|          0|
    |ap_enable_reg_pp0_iter0_reg       |   1|   0|    1|          0|
    |ap_enable_reg_pp0_iter1           |   1|   0|    1|          0|
    |ap_enable_reg_pp0_iter2           |   1|   0|    1|          0|
    |ap_enable_reg_pp0_iter3           |   1|   0|    1|          0|
    |ap_enable_reg_pp0_iter4           |   1|   0|    1|          0|
    |ap_loop_exit_ready_pp0_iter1_reg  |   1|   0|    1|          0|
    |ap_loop_exit_ready_pp0_iter2_reg  |   1|   0|    1|          0|
    |ap_loop_exit_ready_pp0_iter3_reg  |   1|   0|    1|          0|
    |empty_234_reg_2034                |  10|   0|   10|          0|
    |empty_reg_1984                    |   8|   0|    8|          0|
    |grp_SIGMOID_fu_733_ap_start_reg   |   1|   0|    1|          0|
    |i_fu_216                          |   3|   0|    3|          0|
    |icmp_ln29_reg_1968                |   1|   0|    1|          0|
    |icmp_ln30_reg_1972                |   1|   0|    1|          0|
    |indvar_flatten12_fu_220           |  10|   0|   10|          0|
    |indvar_flatten_fu_212             |   8|   0|    8|          0|
    |j_fu_208                          |   4|   0|    4|          0|
    |k_fu_204                          |   4|   0|    4|          0|
    |mul27_1_1_reg_2245                |  32|   0|   32|          0|
    |mul27_1_2_reg_2278                |  32|   0|   32|          0|
    |mul27_1_3_reg_2298                |  32|   0|   32|          0|
    |mul27_1_4_reg_2318                |  32|   0|   32|          0|
    |mul27_1_4_reg_2318_pp0_iter1_reg  |  32|   0|   32|          0|
    |mul27_1_reg_2225                  |  32|   0|   32|          0|
    |mul27_2_1_reg_2358                |  32|   0|   32|          0|
    |mul27_2_1_reg_2358_pp0_iter1_reg  |  32|   0|   32|          0|
    |mul27_2_2_reg_2378                |  32|   0|   32|          0|
    |mul27_2_2_reg_2378_pp0_iter1_reg  |  32|   0|   32|          0|
    |mul27_2_3_reg_2398                |  32|   0|   32|          0|
    |mul27_2_3_reg_2398_pp0_iter1_reg  |  32|   0|   32|          0|
    |mul27_2_4_reg_2422                |  32|   0|   32|          0|
    |mul27_2_4_reg_2422_pp0_iter1_reg  |  32|   0|   32|          0|
    |mul27_2_reg_2338                  |  32|   0|   32|          0|
    |mul27_2_reg_2338_pp0_iter1_reg    |  32|   0|   32|          0|
    |mul27_3_1_reg_2462                |  32|   0|   32|          0|
    |mul27_3_2_reg_2490                |  32|   0|   32|          0|
    |mul27_3_3_reg_2510                |  32|   0|   32|          0|
    |mul27_3_4_reg_2530                |  32|   0|   32|          0|
    |mul27_3_reg_2442                  |  32|   0|   32|          0|
    |mul27_3_reg_2442_pp0_iter1_reg    |  32|   0|   32|          0|
    |mul27_4_1_reg_2575                |  32|   0|   32|          0|
    |mul27_4_2_reg_2590                |  32|   0|   32|          0|
    |mul27_4_3_reg_2600                |  32|   0|   32|          0|
    |mul27_4_4_reg_2610                |  32|   0|   32|          0|
    |mul27_4_reg_2550                  |  32|   0|   32|          0|
    |mul27_5_reg_2170                  |  32|   0|   32|          0|
    |mul27_6_reg_2190                  |  32|   0|   32|          0|
    |mul27_s_reg_2144                  |  32|   0|   32|          0|
    |reg_755                           |  32|   0|   32|          0|
    |reg_760                           |  32|   0|   32|          0|
    |reg_766                           |  32|   0|   32|          0|
    |reg_770                           |  32|   0|   32|          0|
    |reg_775                           |  32|   0|   32|          0|
    |reg_780                           |  32|   0|   32|          0|
    |reg_785                           |  32|   0|   32|          0|
    |reg_790                           |  32|   0|   32|          0|
    |reg_795                           |  32|   0|   32|          0|
    |select_ln26_1_reg_2018            |   4|   0|    4|          0|
    |tmp_151_reg_2062                  |   4|   0|    5|          1|
    |tmp_301_reg_2615                  |   8|   0|    8|          0|
    |trunc_ln41_reg_2413               |   3|   0|    3|          0|
    |zext_ln38_1_reg_2265              |   4|   0|    7|          3|
    |zext_ln38_2_reg_2164              |   4|   0|    6|          2|
    |zext_ln38_3_reg_2073              |   4|   0|   10|          6|
    |zext_ln38_reg_2482                |   4|   0|    8|          4|
    |add_ln41_reg_2133                 |  64|  32|   10|          0|
    |icmp_ln29_reg_1968                |  64|  32|    1|          0|
    |mul27_3_1_reg_2462                |  64|  32|   32|          0|
    |mul27_3_2_reg_2490                |  64|  32|   32|          0|
    |mul27_3_3_reg_2510                |  64|  32|   32|          0|
    |mul27_3_4_reg_2530                |  64|  32|   32|          0|
    |mul27_4_1_reg_2575                |  64|  32|   32|          0|
    |mul27_4_2_reg_2590                |  64|  32|   32|          0|
    |mul27_4_3_reg_2600                |  64|  32|   32|          0|
    |mul27_4_4_reg_2610                |  64|  32|   32|          0|
    |mul27_4_reg_2550                  |  64|  32|   32|          0|
    |trunc_ln41_reg_2413               |  64|  32|    3|          0|
    +----------------------------------+----+----+-----+-----------+
    |Total                             |2156| 384| 1706|         16|
    +----------------------------------+----+----+-----+-----------+



================================================================
== Interface
================================================================
* Summary: 
+-------------------------------+-----+-----+------------+--------------------------------------------------------------------------+--------------+
|           RTL Ports           | Dir | Bits|  Protocol  |                               Source Object                              |    C Type    |
+-------------------------------+-----+-----+------------+--------------------------------------------------------------------------+--------------+
|ap_clk                         |   in|    1|  ap_ctrl_hs|  cnn_lenet_Pipeline_calculateLayer2_loop_OutputRow_Loop_OutputColumn_Loop|  return value|
|ap_rst                         |   in|    1|  ap_ctrl_hs|  cnn_lenet_Pipeline_calculateLayer2_loop_OutputRow_Loop_OutputColumn_Loop|  return value|
|ap_start                       |   in|    1|  ap_ctrl_hs|  cnn_lenet_Pipeline_calculateLayer2_loop_OutputRow_Loop_OutputColumn_Loop|  return value|
|ap_done                        |  out|    1|  ap_ctrl_hs|  cnn_lenet_Pipeline_calculateLayer2_loop_OutputRow_Loop_OutputColumn_Loop|  return value|
|ap_idle                        |  out|    1|  ap_ctrl_hs|  cnn_lenet_Pipeline_calculateLayer2_loop_OutputRow_Loop_OutputColumn_Loop|  return value|
|ap_ready                       |  out|    1|  ap_ctrl_hs|  cnn_lenet_Pipeline_calculateLayer2_loop_OutputRow_Loop_OutputColumn_Loop|  return value|
|grp_SIGMOID_fu_119_p_din1      |  out|   32|  ap_ctrl_hs|  cnn_lenet_Pipeline_calculateLayer2_loop_OutputRow_Loop_OutputColumn_Loop|  return value|
|grp_SIGMOID_fu_119_p_dout0     |   in|   32|  ap_ctrl_hs|  cnn_lenet_Pipeline_calculateLayer2_loop_OutputRow_Loop_OutputColumn_Loop|  return value|
|grp_SIGMOID_fu_119_p_start     |  out|    1|  ap_ctrl_hs|  cnn_lenet_Pipeline_calculateLayer2_loop_OutputRow_Loop_OutputColumn_Loop|  return value|
|grp_SIGMOID_fu_119_p_ready     |   in|    1|  ap_ctrl_hs|  cnn_lenet_Pipeline_calculateLayer2_loop_OutputRow_Loop_OutputColumn_Loop|  return value|
|grp_SIGMOID_fu_119_p_done      |   in|    1|  ap_ctrl_hs|  cnn_lenet_Pipeline_calculateLayer2_loop_OutputRow_Loop_OutputColumn_Loop|  return value|
|grp_SIGMOID_fu_119_p_idle      |   in|    1|  ap_ctrl_hs|  cnn_lenet_Pipeline_calculateLayer2_loop_OutputRow_Loop_OutputColumn_Loop|  return value|
|grp_fu_124_p_din0              |  out|   32|  ap_ctrl_hs|  cnn_lenet_Pipeline_calculateLayer2_loop_OutputRow_Loop_OutputColumn_Loop|  return value|
|grp_fu_124_p_din1              |  out|   32|  ap_ctrl_hs|  cnn_lenet_Pipeline_calculateLayer2_loop_OutputRow_Loop_OutputColumn_Loop|  return value|
|grp_fu_124_p_opcode            |  out|    2|  ap_ctrl_hs|  cnn_lenet_Pipeline_calculateLayer2_loop_OutputRow_Loop_OutputColumn_Loop|  return value|
|grp_fu_124_p_dout0             |   in|   32|  ap_ctrl_hs|  cnn_lenet_Pipeline_calculateLayer2_loop_OutputRow_Loop_OutputColumn_Loop|  return value|
|grp_fu_124_p_ce                |  out|    1|  ap_ctrl_hs|  cnn_lenet_Pipeline_calculateLayer2_loop_OutputRow_Loop_OutputColumn_Loop|  return value|
|grp_fu_128_p_din0              |  out|   32|  ap_ctrl_hs|  cnn_lenet_Pipeline_calculateLayer2_loop_OutputRow_Loop_OutputColumn_Loop|  return value|
|grp_fu_128_p_din1              |  out|   32|  ap_ctrl_hs|  cnn_lenet_Pipeline_calculateLayer2_loop_OutputRow_Loop_OutputColumn_Loop|  return value|
|grp_fu_128_p_dout0             |   in|   32|  ap_ctrl_hs|  cnn_lenet_Pipeline_calculateLayer2_loop_OutputRow_Loop_OutputColumn_Loop|  return value|
|grp_fu_128_p_ce                |  out|    1|  ap_ctrl_hs|  cnn_lenet_Pipeline_calculateLayer2_loop_OutputRow_Loop_OutputColumn_Loop|  return value|
|Layer2_Neurons_CPU_6_address0  |  out|    8|   ap_memory|                                                      Layer2_Neurons_CPU_6|         array|
|Layer2_Neurons_CPU_6_ce0       |  out|    1|   ap_memory|                                                      Layer2_Neurons_CPU_6|         array|
|Layer2_Neurons_CPU_6_we0       |  out|    1|   ap_memory|                                                      Layer2_Neurons_CPU_6|         array|
|Layer2_Neurons_CPU_6_d0        |  out|   32|   ap_memory|                                                      Layer2_Neurons_CPU_6|         array|
|Layer2_Neurons_CPU_5_address0  |  out|    8|   ap_memory|                                                      Layer2_Neurons_CPU_5|         array|
|Layer2_Neurons_CPU_5_ce0       |  out|    1|   ap_memory|                                                      Layer2_Neurons_CPU_5|         array|
|Layer2_Neurons_CPU_5_we0       |  out|    1|   ap_memory|                                                      Layer2_Neurons_CPU_5|         array|
|Layer2_Neurons_CPU_5_d0        |  out|   32|   ap_memory|                                                      Layer2_Neurons_CPU_5|         array|
|Layer2_Neurons_CPU_4_address0  |  out|    8|   ap_memory|                                                      Layer2_Neurons_CPU_4|         array|
|Layer2_Neurons_CPU_4_ce0       |  out|    1|   ap_memory|                                                      Layer2_Neurons_CPU_4|         array|
|Layer2_Neurons_CPU_4_we0       |  out|    1|   ap_memory|                                                      Layer2_Neurons_CPU_4|         array|
|Layer2_Neurons_CPU_4_d0        |  out|   32|   ap_memory|                                                      Layer2_Neurons_CPU_4|         array|
|Layer2_Neurons_CPU_3_address0  |  out|    8|   ap_memory|                                                      Layer2_Neurons_CPU_3|         array|
|Layer2_Neurons_CPU_3_ce0       |  out|    1|   ap_memory|                                                      Layer2_Neurons_CPU_3|         array|
|Layer2_Neurons_CPU_3_we0       |  out|    1|   ap_memory|                                                      Layer2_Neurons_CPU_3|         array|
|Layer2_Neurons_CPU_3_d0        |  out|   32|   ap_memory|                                                      Layer2_Neurons_CPU_3|         array|
|Layer2_Neurons_CPU_2_address0  |  out|    8|   ap_memory|                                                      Layer2_Neurons_CPU_2|         array|
|Layer2_Neurons_CPU_2_ce0       |  out|    1|   ap_memory|                                                      Layer2_Neurons_CPU_2|         array|
|Layer2_Neurons_CPU_2_we0       |  out|    1|   ap_memory|                                                      Layer2_Neurons_CPU_2|         array|
|Layer2_Neurons_CPU_2_d0        |  out|   32|   ap_memory|                                                      Layer2_Neurons_CPU_2|         array|
|Layer2_Neurons_CPU_1_address0  |  out|    8|   ap_memory|                                                      Layer2_Neurons_CPU_1|         array|
|Layer2_Neurons_CPU_1_ce0       |  out|    1|   ap_memory|                                                      Layer2_Neurons_CPU_1|         array|
|Layer2_Neurons_CPU_1_we0       |  out|    1|   ap_memory|                                                      Layer2_Neurons_CPU_1|         array|
|Layer2_Neurons_CPU_1_d0        |  out|   32|   ap_memory|                                                      Layer2_Neurons_CPU_1|         array|
|Layer2_Neurons_CPU_address0    |  out|    8|   ap_memory|                                                        Layer2_Neurons_CPU|         array|
|Layer2_Neurons_CPU_ce0         |  out|    1|   ap_memory|                                                        Layer2_Neurons_CPU|         array|
|Layer2_Neurons_CPU_we0         |  out|    1|   ap_memory|                                                        Layer2_Neurons_CPU|         array|
|Layer2_Neurons_CPU_d0          |  out|   32|   ap_memory|                                                        Layer2_Neurons_CPU|         array|
|Layer1_Neurons_CPU_address0    |  out|   10|   ap_memory|                                                        Layer1_Neurons_CPU|         array|
|Layer1_Neurons_CPU_ce0         |  out|    1|   ap_memory|                                                        Layer1_Neurons_CPU|         array|
|Layer1_Neurons_CPU_q0          |   in|   32|   ap_memory|                                                        Layer1_Neurons_CPU|         array|
+-------------------------------+-----+-----+------------+--------------------------------------------------------------------------+--------------+

