================================================================
== Design Size Report
================================================================

* Total Instructions per Compilation Phase
+---------------+-----------------------------+--------------+----------------------------------------------------------------------------------------+
| Phase         | Step                        | Instructions | Description                                                                            |
+---------------+-----------------------------+--------------+----------------------------------------------------------------------------------------+
| Compile/Link  |                             | 4,527        | After all functions are compiled and linked into a single design                       |
|               |                             |              |                                                                                        |
| Unroll/Inline |                             |              | After user unroll and inline pragmas are applied                                       |
|               | (1) unroll                  | 2,621        | user unroll pragmas are applied                                                        |
|               | (2) simplification          | 2,075        | simplification of applied user unroll pragmas                                          |
|               | (3) inline                  | 1,699        | user inline pragmas are applied                                                        |
|               | (4) simplification          | 1,612        | simplification of applied user inline pragmas                                          |
|               |                             |              |                                                                                        |
| Array/Struct  |                             |              | After user array partition and struct aggregate/disaggregate pragmas are applied       |
|               | (1) array partition         | 1,614        | user array partition pragmas are applied                                               |
|               | (2) simplification          | 1,614        | simplification of applied user array partition & struct aggregate/disaggregate pragmas |
|               | (3) aggregate/disaggregate  | 1,614        | user struct aggregate/disaggregate pragmas are applied                                 |
|               | (4) array reshape           | 1,614        | apply array reshape pragmas                                                            |
|               | (5) access patterns         | 1,614        | array access pattern optmizations                                                      |
|               |                             |              |                                                                                        |
| Performance   |                             |              | After transformations are applied to meet performance pragma targets                   |
|               | (1) loop simplification     | 1,614        | loop and instruction simplification                                                    |
|               | (2) parallelization         | 1,614        | loops are unrolled or pipelined to meet performance targets                            |
|               | (3) array partition         | 1,614        | arrays are partitioned to meet performance targets                                     |
|               | (4) simplification          | 1,614        | simplification of design after performance transformations                             |
|               |                             |              |                                                                                        |
| HW Transforms |                             |              | After hardware transfomations                                                          |
|               | (1) lowering                | 1,644        | initial conversion to HW specific instructions                                         |
|               | (2) optimizations           | 1,659        | high level synthesis optimizations                                                     |
+---------------+-----------------------------+--------------+----------------------------------------------------------------------------------------+

* Instructions per Function for each Compilation Phase
+-------------+-----------------+-----------------+----------------+----------------+----------------+----------------+
| Function    | Location        | Compile/Link    | Unroll/Inline  | Array/Struct   | Performance    | HW Transforms  |
+-------------+-----------------+-----------------+----------------+----------------+----------------+----------------+
| + cnn_lenet | cnn_lenet.cpp:7 | 4,527           | 1,612          | 1,614          | 1,614          | 1,659          |
|    SIGMOID  | sigmoid.cpp:8   | 4,260 (2 calls) |   86 (2 calls) |   86 (2 calls) |   86 (2 calls) |   88 (2 calls) |
+-------------+-----------------+-----------------+----------------+----------------+----------------+----------------+

* Design Size Message Settings
+---------------------------------------------+--------+------------------------------------------------------------------+
| Message Setting                             | Value  | Description                                                      |
+---------------------------------------------+--------+------------------------------------------------------------------+
| config_compile -design_size_maximum_warning | 100000 | Show a warning when total design instructions exceeds this value |
+---------------------------------------------+--------+------------------------------------------------------------------+


