

================================================================
== Synthesis Summary Report of 'cnn_lenet'
================================================================
+ General Information: 
    * Date:           Wed Feb  5 16:21:42 2025
    * Version:        2023.2 (Build 4023990 on Oct 11 2023)
    * Project:        CNN_lenet5
    * Solution:       solution9 (Vivado IP Flow Target)
    * Product family: zynq
    * Target device:  xc7z020-clg484-1
    

+ Performance & Resource Estimates: 
    
    PS: '+' for module; 'o' for loop; '*' for dataflow
    +-----------------------------------------------------------------------------+--------+-------+---------+-----------+----------+---------+------+----------+---------+---------+-------------+-------------+-----+
    |                                   Modules                                   |  Issue |       | Latency |  Latency  | Iteration|         | Trip |          |         |         |             |             |     |
    |                                   & Loops                                   |  Type  | Slack | (cycles)|    (ns)   |  Latency | Interval| Count| Pipelined|  BRAM   |   DSP   |      FF     |     LUT     | URAM|
    +-----------------------------------------------------------------------------+--------+-------+---------+-----------+----------+---------+------+----------+---------+---------+-------------+-------------+-----+
    |+ cnn_lenet                                                                  |  Timing|  -0.73|   216925|  4.338e+06|         -|   216926|     -|        no|  26 (9%)|  19 (8%)|  16311 (15%)|  15993 (30%)|    -|
    | + cnn_lenet_Pipeline_calculateLayer2_loop_OutputRow_Loop_OutputColumn_Loop  |       -|   0.63|    26455|  5.291e+05|         -|    26455|     -|        no|  1 (~0%)|  2 (~0%)|    2081 (1%)|    2327 (4%)|    -|
    |  o calculateLayer2_loop_OutputRow_Loop_OutputColumn_Loop                    |       -|  14.60|    26453|  5.291e+05|       116|       26|  1014|       yes|        -|        -|            -|            -|    -|
    |   + SIGMOID                                                                 |       -|   0.63|        9|    180.000|         -|        1|     -|       yes|  1 (~0%)|  11 (5%)|    778 (~0%)|    2001 (3%)|    -|
    | + cnn_lenet_Pipeline_calculateLayer3_loop_row_Loop_col_loop                 |  Timing|  -0.73|   190467|  3.809e+06|         -|   190467|     -|        no|  16 (5%)|  1 (~0%)|  12865 (12%)|  10539 (19%)|    -|
    |  o calculateLayer3_loop_row_Loop_col_loop                                   |       -|  14.60|   190465|  3.809e+06|       618|      152|  1250|       yes|        -|        -|            -|            -|    -|
    |   + SIGMOID                                                                 |       -|   0.63|        9|    180.000|         -|        1|     -|       yes|  1 (~0%)|  11 (5%)|    778 (~0%)|    2001 (3%)|    -|
    +-----------------------------------------------------------------------------+--------+-------+---------+-----------+----------+---------+------+----------+---------+---------+-------------+-------------+-----+


================================================================
== HW Interfaces
================================================================
* S_AXILITE Interfaces
+---------------------+------------+---------------+--------+----------+-------------------+
| Interface           | Data Width | Address Width | Offset | Register | Resource Estimate |
+---------------------+------------+---------------+--------+----------+-------------------+
| s_axi_CTRL_bus      | 32         | 4             |        |          |                   |
| s_axi_Layer_Neurons | 32         | 14            | 4096   | 0        | BRAM=6            |
+---------------------+------------+---------------+--------+----------+-------------------+

* S_AXILITE Registers
+----------------+----------+--------+-------+--------+----------------------------------+----------------------------------------------------------------------+
| Interface      | Register | Offset | Width | Access | Description                      | Bit Fields                                                           |
+----------------+----------+--------+-------+--------+----------------------------------+----------------------------------------------------------------------+
| s_axi_CTRL_bus | CTRL     | 0x00   | 32    | RW     | Control signals                  | 0=AP_START 1=AP_DONE 2=AP_IDLE 3=AP_READY 7=AUTO_RESTART 9=INTERRUPT |
| s_axi_CTRL_bus | GIER     | 0x04   | 32    | RW     | Global Interrupt Enable Register | 0=Enable                                                             |
| s_axi_CTRL_bus | IP_IER   | 0x08   | 32    | RW     | IP Interrupt Enable Register     | 0=CHAN0_INT_EN 1=CHAN1_INT_EN                                        |
| s_axi_CTRL_bus | IP_ISR   | 0x0c   | 32    | RW     | IP Interrupt Status Register     | 0=CHAN0_INT_ST 1=CHAN1_INT_ST                                        |
+----------------+----------+--------+-------+--------+----------------------------------+----------------------------------------------------------------------+

* TOP LEVEL CONTROL
+-----------+------------+-----------+
| Interface | Type       | Ports     |
+-----------+------------+-----------+
| ap_clk    | clock      | ap_clk    |
| ap_rst_n  | reset      | ap_rst_n  |
| interrupt | interrupt  | interrupt |
| ap_ctrl   | ap_ctrl_hs |           |
+-----------+------------+-----------+


================================================================
== SW I/O Information
================================================================
* Top Function Arguments
+--------------------+-----------+----------+
| Argument           | Direction | Datatype |
+--------------------+-----------+----------+
| Layer1_Neurons_CPU | in        | float*   |
| Layer3_Neurons_CPU | out       | float*   |
+--------------------+-----------+----------+

* SW-to-HW Mapping
+--------------------+---------------------+---------+------------------------------------------------+
| Argument           | HW Interface        | HW Type | HW Info                                        |
+--------------------+---------------------+---------+------------------------------------------------+
| Layer1_Neurons_CPU | s_axi_Layer_Neurons | memory  | name=Layer1_Neurons_CPU offset=4096 range=4096 |
| Layer3_Neurons_CPU | s_axi_Layer_Neurons | memory  | name=Layer3_Neurons_CPU offset=8192 range=8192 |
+--------------------+---------------------+---------+------------------------------------------------+


================================================================
== Bind Op Report
================================================================
+-----------------------------------------------------------------------------+-----+--------+-------------+------+-----------+---------+
| Name                                                                        | DSP | Pragma | Variable    | Op   | Impl      | Latency |
+-----------------------------------------------------------------------------+-----+--------+-------------+------+-----------+---------+
| + cnn_lenet                                                                 | 19  |        |             |      |           |         |
|  + cnn_lenet_Pipeline_calculateLayer2_loop_OutputRow_Loop_OutputColumn_Loop | 2   |        |             |      |           |         |
|    add_ln32_fu_721_p2                                                       |     |        | add_ln32    | add  | fabric    | 0       |
|    add_ln32_1_fu_739_p2                                                     |     |        | add_ln32_1  | add  | fabric    | 0       |
|    add_ln33_fu_837_p2                                                       |     |        | add_ln33    | add  | fabric    | 0       |
|    mul_3ns_6ns_8_1_1_U13                                                    |     |        | empty       | mul  | auto      | 0       |
|    mac_muladd_3ns_8ns_4ns_10_4_1_U15                                        | 1   |        | empty_199   | mul  | dsp_slice | 3       |
|    empty_200_fu_1581_p2                                                     |     |        | empty_200   | add  | fabric    | 0       |
|    empty_202_fu_921_p2                                                      |     |        | empty_202   | add  | fabric    | 0       |
|    empty_203_fu_949_p2                                                      |     |        | empty_203   | add  | fabric    | 0       |
|    empty_204_fu_983_p2                                                      |     |        | empty_204   | add  | fabric    | 0       |
|    empty_205_fu_1017_p2                                                     |     |        | empty_205   | add  | fabric    | 0       |
|    empty_206_fu_1051_p2                                                     |     |        | empty_206   | add  | fabric    | 0       |
|    empty_207_fu_1089_p2                                                     |     |        | empty_207   | add  | fabric    | 0       |
|    empty_208_fu_1123_p2                                                     |     |        | empty_208   | add  | fabric    | 0       |
|    empty_209_fu_1157_p2                                                     |     |        | empty_209   | add  | fabric    | 0       |
|    empty_210_fu_1195_p2                                                     |     |        | empty_210   | add  | fabric    | 0       |
|    empty_211_fu_1237_p2                                                     |     |        | empty_211   | add  | fabric    | 0       |
|    empty_212_fu_1275_p2                                                     |     |        | empty_212   | add  | fabric    | 0       |
|    empty_213_fu_1309_p2                                                     |     |        | empty_213   | add  | fabric    | 0       |
|    empty_214_fu_1343_p2                                                     |     |        | empty_214   | add  | fabric    | 0       |
|    empty_215_fu_1377_p2                                                     |     |        | empty_215   | add  | fabric    | 0       |
|    empty_216_fu_1411_p2                                                     |     |        | empty_216   | add  | fabric    | 0       |
|    empty_217_fu_1445_p2                                                     |     |        | empty_217   | add  | fabric    | 0       |
|    empty_218_fu_1479_p2                                                     |     |        | empty_218   | add  | fabric    | 0       |
|    empty_219_fu_1513_p2                                                     |     |        | empty_219   | add  | fabric    | 0       |
|    empty_220_fu_1547_p2                                                     |     |        | empty_220   | add  | fabric    | 0       |
|    empty_221_fu_1619_p2                                                     |     |        | empty_221   | add  | fabric    | 0       |
|    empty_222_fu_1653_p2                                                     |     |        | empty_222   | add  | fabric    | 0       |
|    empty_223_fu_1687_p2                                                     |     |        | empty_223   | add  | fabric    | 0       |
|    empty_224_fu_1735_p2                                                     |     |        | empty_224   | add  | fabric    | 0       |
|    mac_muladd_4ns_4ns_10ns_10_4_1_U16                                       | 1   |        | empty_225   | mul  | dsp_slice | 3       |
|    mul_4ns_7ns_10_1_1_U14                                                   |     |        | empty_226   | mul  | auto      | 0       |
|    add_ln41_fu_894_p2                                                       |     |        | add_ln41    | add  | fabric    | 0       |
|    add_ln41_1_fu_939_p2                                                     |     |        | add_ln41_1  | add  | fabric    | 0       |
|    add_ln41_25_fu_964_p2                                                    |     |        | add_ln41_25 | add  | fabric    | 0       |
|    add_ln41_2_fu_973_p2                                                     |     |        | add_ln41_2  | add  | fabric    | 0       |
|    add_ln41_26_fu_998_p2                                                    |     |        | add_ln41_26 | add  | fabric    | 0       |
|    add_ln41_3_fu_1007_p2                                                    |     |        | add_ln41_3  | add  | fabric    | 0       |
|    add_ln41_27_fu_1032_p2                                                   |     |        | add_ln41_27 | add  | fabric    | 0       |
|    add_ln41_4_fu_1041_p2                                                    |     |        | add_ln41_4  | add  | fabric    | 0       |
|    add_ln41_28_fu_1069_p2                                                   |     |        | add_ln41_28 | add  | fabric    | 0       |
|    add_ln41_5_fu_1079_p2                                                    |     |        | add_ln41_5  | add  | fabric    | 0       |
|    add_ln41_29_fu_1104_p2                                                   |     |        | add_ln41_29 | add  | fabric    | 0       |
|    add_ln41_6_fu_1113_p2                                                    |     |        | add_ln41_6  | add  | fabric    | 0       |
|    add_ln41_30_fu_1138_p2                                                   |     |        | add_ln41_30 | add  | fabric    | 0       |
|    add_ln41_7_fu_1147_p2                                                    |     |        | add_ln41_7  | add  | fabric    | 0       |
|    add_ln41_8_fu_1185_p2                                                    |     |        | add_ln41_8  | add  | fabric    | 0       |
|    add_ln41_9_fu_1227_p2                                                    |     |        | add_ln41_9  | add  | fabric    | 0       |
|    add_ln41_31_fu_1255_p2                                                   |     |        | add_ln41_31 | add  | fabric    | 0       |
|    add_ln41_10_fu_1265_p2                                                   |     |        | add_ln41_10 | add  | fabric    | 0       |
|    add_ln41_32_fu_1290_p2                                                   |     |        | add_ln41_32 | add  | fabric    | 0       |
|    add_ln41_11_fu_1299_p2                                                   |     |        | add_ln41_11 | add  | fabric    | 0       |
|    add_ln41_33_fu_1324_p2                                                   |     |        | add_ln41_33 | add  | fabric    | 0       |
|    add_ln41_12_fu_1333_p2                                                   |     |        | add_ln41_12 | add  | fabric    | 0       |
|    add_ln41_34_fu_1358_p2                                                   |     |        | add_ln41_34 | add  | fabric    | 0       |
|    add_ln41_13_fu_1367_p2                                                   |     |        | add_ln41_13 | add  | fabric    | 0       |
|    add_ln41_35_fu_1392_p2                                                   |     |        | add_ln41_35 | add  | fabric    | 0       |
|    add_ln41_14_fu_1401_p2                                                   |     |        | add_ln41_14 | add  | fabric    | 0       |
|    add_ln41_36_fu_1426_p2                                                   |     |        | add_ln41_36 | add  | fabric    | 0       |
|    add_ln41_15_fu_1435_p2                                                   |     |        | add_ln41_15 | add  | fabric    | 0       |
|    add_ln41_37_fu_1460_p2                                                   |     |        | add_ln41_37 | add  | fabric    | 0       |
|    add_ln41_16_fu_1469_p2                                                   |     |        | add_ln41_16 | add  | fabric    | 0       |
|    add_ln41_38_fu_1494_p2                                                   |     |        | add_ln41_38 | add  | fabric    | 0       |
|    add_ln41_17_fu_1503_p2                                                   |     |        | add_ln41_17 | add  | fabric    | 0       |
|    add_ln41_39_fu_1528_p2                                                   |     |        | add_ln41_39 | add  | fabric    | 0       |
|    add_ln41_18_fu_1537_p2                                                   |     |        | add_ln41_18 | add  | fabric    | 0       |
|    add_ln41_40_fu_1562_p2                                                   |     |        | add_ln41_40 | add  | fabric    | 0       |
|    add_ln41_19_fu_1571_p2                                                   |     |        | add_ln41_19 | add  | fabric    | 0       |
|    add_ln41_41_fu_1599_p2                                                   |     |        | add_ln41_41 | add  | fabric    | 0       |
|    add_ln41_20_fu_1609_p2                                                   |     |        | add_ln41_20 | add  | fabric    | 0       |
|    add_ln41_42_fu_1634_p2                                                   |     |        | add_ln41_42 | add  | fabric    | 0       |
|    add_ln41_21_fu_1643_p2                                                   |     |        | add_ln41_21 | add  | fabric    | 0       |
|    add_ln41_43_fu_1668_p2                                                   |     |        | add_ln41_43 | add  | fabric    | 0       |
|    add_ln41_22_fu_1677_p2                                                   |     |        | add_ln41_22 | add  | fabric    | 0       |
|    add_ln41_44_fu_1702_p2                                                   |     |        | add_ln41_44 | add  | fabric    | 0       |
|    add_ln41_23_fu_1711_p2                                                   |     |        | add_ln41_23 | add  | fabric    | 0       |
|    add_ln41_45_fu_1721_p2                                                   |     |        | add_ln41_45 | add  | fabric    | 0       |
|    add_ln41_24_fu_1730_p2                                                   |     |        | add_ln41_24 | add  | fabric    | 0       |
|    mac_muladd_3ns_8ns_4ns_10_4_1_U15                                        | 1   |        | add_ln44_1  | add  | dsp_slice | 3       |
|    mac_muladd_4ns_4ns_10ns_10_4_1_U16                                       | 1   |        | add_ln44    | add  | dsp_slice | 3       |
|    add_ln34_fu_905_p2                                                       |     |        | add_ln34    | add  | fabric    | 0       |
|    add_ln33_1_fu_778_p2                                                     |     |        | add_ln33_1  | add  | fabric    | 0       |
|   + SIGMOID (grp_SIGMOID_fu_625)                                            | 11  |        |             |      |           |         |
|     dmul_64ns_64ns_64_4_max_dsp_1_U5                                        | 11  |        | p_op        | dmul | maxdsp    | 3       |
|     add_ln486_fu_269_p2                                                     |     |        | add_ln486   | add  | fabric    | 0       |
|     sub_ln18_fu_283_p2                                                      |     |        | sub_ln18    | sub  | fabric    | 0       |
|     result_2_fu_349_p2                                                      |     |        | result_2    | sub  | fabric    | 0       |
|  + cnn_lenet_Pipeline_calculateLayer3_loop_row_Loop_col_loop                | 1   |        |             |      |           |         |
|    add_ln50_fu_3244_p2                                                      |     |        | add_ln50    | add  | fabric    | 0       |
|    add_ln50_1_fu_3262_p2                                                    |     |        | add_ln50_1  | add  | fabric    | 0       |
|    add_ln51_fu_3364_p2                                                      |     |        | add_ln51    | add  | fabric    | 0       |
|    mul_6ns_9ns_14_1_1_U26                                                   |     |        | empty       | mul  | auto      | 0       |
|    mac_muladd_6ns_5ns_3ns_11_4_1_U28                                        | 1   |        | empty_18    | mul  | dsp_slice | 3       |
|    empty_19_fu_6407_p2                                                      |     |        | empty_19    | add  | fabric    | 0       |
|    empty_22_fu_3593_p2                                                      |     |        | empty_22    | add  | fabric    | 0       |
|    empty_23_fu_3636_p2                                                      |     |        | empty_23    | add  | fabric    | 0       |
|    empty_24_fu_3668_p2                                                      |     |        | empty_24    | add  | fabric    | 0       |
|    empty_25_fu_3700_p2                                                      |     |        | empty_25    | add  | fabric    | 0       |
|    empty_26_fu_3743_p2                                                      |     |        | empty_26    | add  | fabric    | 0       |
|    empty_27_fu_3775_p2                                                      |     |        | empty_27    | add  | fabric    | 0       |
|    empty_28_fu_3807_p2                                                      |     |        | empty_28    | add  | fabric    | 0       |
|    empty_29_fu_3850_p2                                                      |     |        | empty_29    | add  | fabric    | 0       |
|    empty_30_fu_3882_p2                                                      |     |        | empty_30    | add  | fabric    | 0       |
|    empty_31_fu_3914_p2                                                      |     |        | empty_31    | add  | fabric    | 0       |
|    empty_32_fu_3957_p2                                                      |     |        | empty_32    | add  | fabric    | 0       |
|    empty_33_fu_3989_p2                                                      |     |        | empty_33    | add  | fabric    | 0       |
|    empty_34_fu_4021_p2                                                      |     |        | empty_34    | add  | fabric    | 0       |
|    empty_35_fu_4061_p2                                                      |     |        | empty_35    | add  | fabric    | 0       |
|    empty_36_fu_4101_p2                                                      |     |        | empty_36    | add  | fabric    | 0       |
|    empty_37_fu_4145_p2                                                      |     |        | empty_37    | add  | fabric    | 0       |
|    empty_38_fu_4185_p2                                                      |     |        | empty_38    | add  | fabric    | 0       |
|    empty_39_fu_4213_p2                                                      |     |        | empty_39    | add  | fabric    | 0       |
|    empty_40_fu_4245_p2                                                      |     |        | empty_40    | add  | fabric    | 0       |
|    empty_41_fu_4268_p2                                                      |     |        | empty_41    | add  | fabric    | 0       |
|    empty_42_fu_4296_p2                                                      |     |        | empty_42    | add  | fabric    | 0       |
|    empty_43_fu_4328_p2                                                      |     |        | empty_43    | add  | fabric    | 0       |
|    empty_44_fu_4360_p2                                                      |     |        | empty_44    | add  | fabric    | 0       |
|    empty_45_fu_4388_p2                                                      |     |        | empty_45    | add  | fabric    | 0       |
|    empty_46_fu_4420_p2                                                      |     |        | empty_46    | add  | fabric    | 0       |
|    empty_47_fu_4452_p2                                                      |     |        | empty_47    | add  | fabric    | 0       |
|    empty_48_fu_4480_p2                                                      |     |        | empty_48    | add  | fabric    | 0       |
|    empty_49_fu_4512_p2                                                      |     |        | empty_49    | add  | fabric    | 0       |
|    empty_50_fu_4556_p2                                                      |     |        | empty_50    | add  | fabric    | 0       |
|    empty_51_fu_4596_p2                                                      |     |        | empty_51    | add  | fabric    | 0       |
|    empty_52_fu_4640_p2                                                      |     |        | empty_52    | add  | fabric    | 0       |
|    empty_53_fu_4668_p2                                                      |     |        | empty_53    | add  | fabric    | 0       |
|    empty_54_fu_4696_p2                                                      |     |        | empty_54    | add  | fabric    | 0       |
|    empty_55_fu_4728_p2                                                      |     |        | empty_55    | add  | fabric    | 0       |
|    empty_56_fu_4760_p2                                                      |     |        | empty_56    | add  | fabric    | 0       |
|    empty_57_fu_4788_p2                                                      |     |        | empty_57    | add  | fabric    | 0       |
|    empty_58_fu_4820_p2                                                      |     |        | empty_58    | add  | fabric    | 0       |
|    empty_59_fu_4848_p2                                                      |     |        | empty_59    | add  | fabric    | 0       |
|    empty_60_fu_4876_p2                                                      |     |        | empty_60    | add  | fabric    | 0       |
|    empty_61_fu_4908_p2                                                      |     |        | empty_61    | add  | fabric    | 0       |
|    empty_62_fu_4936_p2                                                      |     |        | empty_62    | add  | fabric    | 0       |
|    empty_63_fu_4964_p2                                                      |     |        | empty_63    | add  | fabric    | 0       |
|    empty_64_fu_4996_p2                                                      |     |        | empty_64    | add  | fabric    | 0       |
|    empty_65_fu_5036_p2                                                      |     |        | empty_65    | add  | fabric    | 0       |
|    empty_66_fu_5076_p2                                                      |     |        | empty_66    | add  | fabric    | 0       |
|    empty_67_fu_5120_p2                                                      |     |        | empty_67    | add  | fabric    | 0       |
|    empty_68_fu_5148_p2                                                      |     |        | empty_68    | add  | fabric    | 0       |
|    empty_69_fu_5176_p2                                                      |     |        | empty_69    | add  | fabric    | 0       |
|    empty_70_fu_5208_p2                                                      |     |        | empty_70    | add  | fabric    | 0       |
|    empty_71_fu_5236_p2                                                      |     |        | empty_71    | add  | fabric    | 0       |
|    empty_72_fu_5264_p2                                                      |     |        | empty_72    | add  | fabric    | 0       |
|    empty_73_fu_5296_p2                                                      |     |        | empty_73    | add  | fabric    | 0       |
|    empty_74_fu_5324_p2                                                      |     |        | empty_74    | add  | fabric    | 0       |
|    empty_75_fu_5352_p2                                                      |     |        | empty_75    | add  | fabric    | 0       |
|    empty_76_fu_5426_p2                                                      |     |        | empty_76    | add  | fabric    | 0       |
|    empty_77_fu_5449_p2                                                      |     |        | empty_77    | add  | fabric    | 0       |
|    empty_78_fu_5472_p2                                                      |     |        | empty_78    | add  | fabric    | 0       |
|    empty_79_fu_5499_p2                                                      |     |        | empty_79    | add  | fabric    | 0       |
|    empty_80_fu_5528_p2                                                      |     |        | empty_80    | add  | fabric    | 0       |
|    empty_81_fu_5572_p2                                                      |     |        | empty_81    | add  | fabric    | 0       |
|    empty_82_fu_5616_p2                                                      |     |        | empty_82    | add  | fabric    | 0       |
|    empty_83_fu_5639_p2                                                      |     |        | empty_83    | add  | fabric    | 0       |
|    empty_84_fu_5671_p2                                                      |     |        | empty_84    | add  | fabric    | 0       |
|    empty_85_fu_5703_p2                                                      |     |        | empty_85    | add  | fabric    | 0       |
|    empty_86_fu_5726_p2                                                      |     |        | empty_86    | add  | fabric    | 0       |
|    empty_87_fu_5758_p2                                                      |     |        | empty_87    | add  | fabric    | 0       |
|    empty_88_fu_5790_p2                                                      |     |        | empty_88    | add  | fabric    | 0       |
|    empty_89_fu_5813_p2                                                      |     |        | empty_89    | add  | fabric    | 0       |
|    empty_90_fu_5873_p2                                                      |     |        | empty_90    | add  | fabric    | 0       |
|    empty_91_fu_5895_p2                                                      |     |        | empty_91    | add  | fabric    | 0       |
|    empty_92_fu_5913_p2                                                      |     |        | empty_92    | add  | fabric    | 0       |
|    empty_93_fu_5935_p2                                                      |     |        | empty_93    | add  | fabric    | 0       |
|    empty_94_fu_5957_p2                                                      |     |        | empty_94    | add  | fabric    | 0       |
|    empty_95_fu_5967_p2                                                      |     |        | empty_95    | add  | fabric    | 0       |
|    empty_96_fu_5977_p2                                                      |     |        | empty_96    | add  | fabric    | 0       |
|    empty_97_fu_5987_p2                                                      |     |        | empty_97    | add  | fabric    | 0       |
|    empty_98_fu_5997_p2                                                      |     |        | empty_98    | add  | fabric    | 0       |
|    empty_99_fu_6007_p2                                                      |     |        | empty_99    | add  | fabric    | 0       |
|    empty_100_fu_6017_p2                                                     |     |        | empty_100   | add  | fabric    | 0       |
|    empty_101_fu_6027_p2                                                     |     |        | empty_101   | add  | fabric    | 0       |
|    empty_102_fu_6037_p2                                                     |     |        | empty_102   | add  | fabric    | 0       |
|    empty_103_fu_6047_p2                                                     |     |        | empty_103   | add  | fabric    | 0       |
|    empty_104_fu_6057_p2                                                     |     |        | empty_104   | add  | fabric    | 0       |
|    empty_105_fu_6067_p2                                                     |     |        | empty_105   | add  | fabric    | 0       |
|    empty_106_fu_6077_p2                                                     |     |        | empty_106   | add  | fabric    | 0       |
|    empty_107_fu_6087_p2                                                     |     |        | empty_107   | add  | fabric    | 0       |
|    empty_108_fu_6097_p2                                                     |     |        | empty_108   | add  | fabric    | 0       |
|    empty_109_fu_6107_p2                                                     |     |        | empty_109   | add  | fabric    | 0       |
|    empty_110_fu_6117_p2                                                     |     |        | empty_110   | add  | fabric    | 0       |
|    empty_111_fu_6127_p2                                                     |     |        | empty_111   | add  | fabric    | 0       |
|    empty_112_fu_6137_p2                                                     |     |        | empty_112   | add  | fabric    | 0       |
|    empty_113_fu_6147_p2                                                     |     |        | empty_113   | add  | fabric    | 0       |
|    empty_114_fu_6157_p2                                                     |     |        | empty_114   | add  | fabric    | 0       |
|    empty_115_fu_6167_p2                                                     |     |        | empty_115   | add  | fabric    | 0       |
|    empty_116_fu_6177_p2                                                     |     |        | empty_116   | add  | fabric    | 0       |
|    empty_117_fu_6187_p2                                                     |     |        | empty_117   | add  | fabric    | 0       |
|    empty_118_fu_6197_p2                                                     |     |        | empty_118   | add  | fabric    | 0       |
|    empty_119_fu_6207_p2                                                     |     |        | empty_119   | add  | fabric    | 0       |
|    empty_120_fu_6217_p2                                                     |     |        | empty_120   | add  | fabric    | 0       |
|    empty_121_fu_6227_p2                                                     |     |        | empty_121   | add  | fabric    | 0       |
|    empty_122_fu_6237_p2                                                     |     |        | empty_122   | add  | fabric    | 0       |
|    empty_123_fu_6247_p2                                                     |     |        | empty_123   | add  | fabric    | 0       |
|    empty_124_fu_6257_p2                                                     |     |        | empty_124   | add  | fabric    | 0       |
|    empty_125_fu_6267_p2                                                     |     |        | empty_125   | add  | fabric    | 0       |
|    empty_126_fu_6277_p2                                                     |     |        | empty_126   | add  | fabric    | 0       |
|    empty_127_fu_6287_p2                                                     |     |        | empty_127   | add  | fabric    | 0       |
|    empty_128_fu_6297_p2                                                     |     |        | empty_128   | add  | fabric    | 0       |
|    empty_129_fu_6307_p2                                                     |     |        | empty_129   | add  | fabric    | 0       |
|    empty_130_fu_6317_p2                                                     |     |        | empty_130   | add  | fabric    | 0       |
|    empty_131_fu_6327_p2                                                     |     |        | empty_131   | add  | fabric    | 0       |
|    empty_132_fu_6337_p2                                                     |     |        | empty_132   | add  | fabric    | 0       |
|    empty_133_fu_6347_p2                                                     |     |        | empty_133   | add  | fabric    | 0       |
|    empty_134_fu_6357_p2                                                     |     |        | empty_134   | add  | fabric    | 0       |
|    empty_135_fu_6367_p2                                                     |     |        | empty_135   | add  | fabric    | 0       |
|    empty_136_fu_6377_p2                                                     |     |        | empty_136   | add  | fabric    | 0       |
|    empty_137_fu_6387_p2                                                     |     |        | empty_137   | add  | fabric    | 0       |
|    empty_138_fu_6397_p2                                                     |     |        | empty_138   | add  | fabric    | 0       |
|    empty_139_fu_6417_p2                                                     |     |        | empty_139   | add  | fabric    | 0       |
|    empty_140_fu_6427_p2                                                     |     |        | empty_140   | add  | fabric    | 0       |
|    empty_141_fu_6437_p2                                                     |     |        | empty_141   | add  | fabric    | 0       |
|    empty_142_fu_6447_p2                                                     |     |        | empty_142   | add  | fabric    | 0       |
|    empty_143_fu_6457_p2                                                     |     |        | empty_143   | add  | fabric    | 0       |
|    empty_144_fu_6467_p2                                                     |     |        | empty_144   | add  | fabric    | 0       |
|    empty_145_fu_6477_p2                                                     |     |        | empty_145   | add  | fabric    | 0       |
|    empty_146_fu_6487_p2                                                     |     |        | empty_146   | add  | fabric    | 0       |
|    empty_147_fu_6497_p2                                                     |     |        | empty_147   | add  | fabric    | 0       |
|    empty_148_fu_6507_p2                                                     |     |        | empty_148   | add  | fabric    | 0       |
|    empty_149_fu_6517_p2                                                     |     |        | empty_149   | add  | fabric    | 0       |
|    empty_150_fu_6527_p2                                                     |     |        | empty_150   | add  | fabric    | 0       |
|    empty_151_fu_6537_p2                                                     |     |        | empty_151   | add  | fabric    | 0       |
|    empty_152_fu_6547_p2                                                     |     |        | empty_152   | add  | fabric    | 0       |
|    empty_153_fu_6557_p2                                                     |     |        | empty_153   | add  | fabric    | 0       |
|    empty_154_fu_6567_p2                                                     |     |        | empty_154   | add  | fabric    | 0       |
|    empty_155_fu_6577_p2                                                     |     |        | empty_155   | add  | fabric    | 0       |
|    empty_156_fu_6587_p2                                                     |     |        | empty_156   | add  | fabric    | 0       |
|    empty_157_fu_6597_p2                                                     |     |        | empty_157   | add  | fabric    | 0       |
|    empty_158_fu_6607_p2                                                     |     |        | empty_158   | add  | fabric    | 0       |
|    empty_159_fu_6617_p2                                                     |     |        | empty_159   | add  | fabric    | 0       |
|    empty_160_fu_6627_p2                                                     |     |        | empty_160   | add  | fabric    | 0       |
|    empty_161_fu_6637_p2                                                     |     |        | empty_161   | add  | fabric    | 0       |
|    empty_162_fu_6647_p2                                                     |     |        | empty_162   | add  | fabric    | 0       |
|    empty_163_fu_6657_p2                                                     |     |        | empty_163   | add  | fabric    | 0       |
|    empty_164_fu_6667_p2                                                     |     |        | empty_164   | add  | fabric    | 0       |
|    empty_165_fu_6677_p2                                                     |     |        | empty_165   | add  | fabric    | 0       |
|    empty_166_fu_6687_p2                                                     |     |        | empty_166   | add  | fabric    | 0       |
|    empty_167_fu_6697_p2                                                     |     |        | empty_167   | add  | fabric    | 0       |
|    mul_3ns_6ns_8_1_1_U27                                                    |     |        | empty_168   | mul  | auto      | 0       |
|    empty_170_fu_3413_p2                                                     |     |        | empty_170   | add  | fabric    | 0       |
|    empty_171_fu_3486_p2                                                     |     |        | empty_171   | add  | fabric    | 0       |
|    empty_172_fu_3491_p2                                                     |     |        | empty_172   | add  | fabric    | 0       |
|    empty_173_fu_3544_p2                                                     |     |        | empty_173   | add  | fabric    | 0       |
|    empty_174_fu_3549_p2                                                     |     |        | empty_174   | add  | fabric    | 0       |
|    empty_175_fu_4031_p2                                                     |     |        | empty_175   | add  | fabric    | 0       |
|    empty_176_fu_4036_p2                                                     |     |        | empty_176   | add  | fabric    | 0       |
|    empty_177_fu_4071_p2                                                     |     |        | empty_177   | add  | fabric    | 0       |
|    empty_178_fu_4076_p2                                                     |     |        | empty_178   | add  | fabric    | 0       |
|    empty_179_fu_4111_p2                                                     |     |        | empty_179   | add  | fabric    | 0       |
|    empty_180_fu_4116_p2                                                     |     |        | empty_180   | add  | fabric    | 0       |
|    empty_181_fu_4522_p2                                                     |     |        | empty_181   | add  | fabric    | 0       |
|    empty_182_fu_4527_p2                                                     |     |        | empty_182   | add  | fabric    | 0       |
|    empty_183_fu_4566_p2                                                     |     |        | empty_183   | add  | fabric    | 0       |
|    empty_184_fu_4571_p2                                                     |     |        | empty_184   | add  | fabric    | 0       |
|    empty_185_fu_4606_p2                                                     |     |        | empty_185   | add  | fabric    | 0       |
|    empty_186_fu_4611_p2                                                     |     |        | empty_186   | add  | fabric    | 0       |
|    empty_187_fu_5006_p2                                                     |     |        | empty_187   | add  | fabric    | 0       |
|    empty_188_fu_5011_p2                                                     |     |        | empty_188   | add  | fabric    | 0       |
|    empty_189_fu_5046_p2                                                     |     |        | empty_189   | add  | fabric    | 0       |
|    empty_190_fu_5051_p2                                                     |     |        | empty_190   | add  | fabric    | 0       |
|    empty_191_fu_5086_p2                                                     |     |        | empty_191   | add  | fabric    | 0       |
|    empty_192_fu_5091_p2                                                     |     |        | empty_192   | add  | fabric    | 0       |
|    empty_193_fu_5509_p2                                                     |     |        | empty_193   | add  | fabric    | 0       |
|    empty_194_fu_5362_p2                                                     |     |        | empty_194   | add  | fabric    | 0       |
|    empty_195_fu_5538_p2                                                     |     |        | empty_195   | add  | fabric    | 0       |
|    empty_196_fu_5543_p2                                                     |     |        | empty_196   | add  | fabric    | 0       |
|    empty_197_fu_5582_p2                                                     |     |        | empty_197   | add  | fabric    | 0       |
|    empty_198_fu_5587_p2                                                     |     |        | empty_198   | add  | fabric    | 0       |
|    add_ln58_fu_3435_p2                                                      |     |        | add_ln58    | add  | fabric    | 0       |
|    add_ln59_fu_3446_p2                                                      |     |        | add_ln59    | add  | fabric    | 0       |
|    add_ln60_fu_3503_p2                                                      |     |        | add_ln60    | add  | fabric    | 0       |
|    add_ln61_fu_3513_p2                                                      |     |        | add_ln61    | add  | fabric    | 0       |
|    add_ln62_fu_3554_p2                                                      |     |        | add_ln62    | add  | fabric    | 0       |
|    add_ln63_fu_3564_p2                                                      |     |        | add_ln63    | add  | fabric    | 0       |
|    add_ln58_1_fu_3616_p2                                                    |     |        | add_ln58_1  | add  | fabric    | 0       |
|    add_ln59_1_fu_3626_p2                                                    |     |        | add_ln59_1  | add  | fabric    | 0       |
|    add_ln60_1_fu_3649_p2                                                    |     |        | add_ln60_1  | add  | fabric    | 0       |
|    add_ln61_1_fu_3658_p2                                                    |     |        | add_ln61_1  | add  | fabric    | 0       |
|    add_ln62_1_fu_3678_p2                                                    |     |        | add_ln62_1  | add  | fabric    | 0       |
|    add_ln63_1_fu_3687_p2                                                    |     |        | add_ln63_1  | add  | fabric    | 0       |
|    add_ln58_2_fu_3710_p2                                                    |     |        | add_ln58_2  | add  | fabric    | 0       |
|    add_ln58_3_fu_3723_p2                                                    |     |        | add_ln58_3  | add  | fabric    | 0       |
|    add_ln59_2_fu_3733_p2                                                    |     |        | add_ln59_2  | add  | fabric    | 0       |
|    add_ln60_2_fu_3756_p2                                                    |     |        | add_ln60_2  | add  | fabric    | 0       |
|    add_ln61_2_fu_3765_p2                                                    |     |        | add_ln61_2  | add  | fabric    | 0       |
|    add_ln62_2_fu_3785_p2                                                    |     |        | add_ln62_2  | add  | fabric    | 0       |
|    add_ln63_2_fu_3794_p2                                                    |     |        | add_ln63_2  | add  | fabric    | 0       |
|    add_ln58_4_fu_3817_p2                                                    |     |        | add_ln58_4  | add  | fabric    | 0       |
|    add_ln58_5_fu_3830_p2                                                    |     |        | add_ln58_5  | add  | fabric    | 0       |
|    add_ln59_3_fu_3840_p2                                                    |     |        | add_ln59_3  | add  | fabric    | 0       |
|    add_ln60_3_fu_3863_p2                                                    |     |        | add_ln60_3  | add  | fabric    | 0       |
|    add_ln61_3_fu_3872_p2                                                    |     |        | add_ln61_3  | add  | fabric    | 0       |
|    add_ln62_3_fu_3892_p2                                                    |     |        | add_ln62_3  | add  | fabric    | 0       |
|    add_ln63_3_fu_3901_p2                                                    |     |        | add_ln63_3  | add  | fabric    | 0       |
|    add_ln58_6_fu_3924_p2                                                    |     |        | add_ln58_6  | add  | fabric    | 0       |
|    add_ln58_7_fu_3937_p2                                                    |     |        | add_ln58_7  | add  | fabric    | 0       |
|    add_ln59_4_fu_3947_p2                                                    |     |        | add_ln59_4  | add  | fabric    | 0       |
|    add_ln60_4_fu_3970_p2                                                    |     |        | add_ln60_4  | add  | fabric    | 0       |
|    add_ln61_4_fu_3979_p2                                                    |     |        | add_ln61_4  | add  | fabric    | 0       |
|    add_ln62_4_fu_3999_p2                                                    |     |        | add_ln62_4  | add  | fabric    | 0       |
|    add_ln63_4_fu_4008_p2                                                    |     |        | add_ln63_4  | add  | fabric    | 0       |
|    add_ln58_8_fu_4041_p2                                                    |     |        | add_ln58_8  | add  | fabric    | 0       |
|    add_ln59_5_fu_4051_p2                                                    |     |        | add_ln59_5  | add  | fabric    | 0       |
|    add_ln60_5_fu_4081_p2                                                    |     |        | add_ln60_5  | add  | fabric    | 0       |
|    add_ln61_5_fu_4091_p2                                                    |     |        | add_ln61_5  | add  | fabric    | 0       |
|    add_ln62_5_fu_4121_p2                                                    |     |        | add_ln62_5  | add  | fabric    | 0       |
|    add_ln63_5_fu_4131_p2                                                    |     |        | add_ln63_5  | add  | fabric    | 0       |
|    add_ln58_9_fu_4161_p2                                                    |     |        | add_ln58_9  | add  | fabric    | 0       |
|    add_ln59_6_fu_4172_p2                                                    |     |        | add_ln59_6  | add  | fabric    | 0       |
|    add_ln60_6_fu_4195_p2                                                    |     |        | add_ln60_6  | add  | fabric    | 0       |
|    add_ln61_6_fu_4204_p2                                                    |     |        | add_ln61_6  | add  | fabric    | 0       |
|    add_ln62_6_fu_4223_p2                                                    |     |        | add_ln62_6  | add  | fabric    | 0       |
|    add_ln63_6_fu_4232_p2                                                    |     |        | add_ln63_6  | add  | fabric    | 0       |
|    add_ln58_10_fu_4181_p2                                                   |     |        | add_ln58_10 | add  | fabric    | 0       |
|    add_ln59_7_fu_4259_p2                                                    |     |        | add_ln59_7  | add  | fabric    | 0       |
|    add_ln60_7_fu_4278_p2                                                    |     |        | add_ln60_7  | add  | fabric    | 0       |
|    add_ln61_7_fu_4287_p2                                                    |     |        | add_ln61_7  | add  | fabric    | 0       |
|    add_ln62_7_fu_4306_p2                                                    |     |        | add_ln62_7  | add  | fabric    | 0       |
|    add_ln63_7_fu_4315_p2                                                    |     |        | add_ln63_7  | add  | fabric    | 0       |
|    add_ln58_11_fu_4341_p2                                                   |     |        | add_ln58_11 | add  | fabric    | 0       |
|    add_ln59_8_fu_4351_p2                                                    |     |        | add_ln59_8  | add  | fabric    | 0       |
|    add_ln60_8_fu_4370_p2                                                    |     |        | add_ln60_8  | add  | fabric    | 0       |
|    add_ln61_8_fu_4379_p2                                                    |     |        | add_ln61_8  | add  | fabric    | 0       |
|    add_ln62_8_fu_4398_p2                                                    |     |        | add_ln62_8  | add  | fabric    | 0       |
|    add_ln63_8_fu_4407_p2                                                    |     |        | add_ln63_8  | add  | fabric    | 0       |
|    add_ln58_12_fu_4433_p2                                                   |     |        | add_ln58_12 | add  | fabric    | 0       |
|    add_ln59_9_fu_4443_p2                                                    |     |        | add_ln59_9  | add  | fabric    | 0       |
|    add_ln60_9_fu_4462_p2                                                    |     |        | add_ln60_9  | add  | fabric    | 0       |
|    add_ln61_9_fu_4471_p2                                                    |     |        | add_ln61_9  | add  | fabric    | 0       |
|    add_ln62_9_fu_4490_p2                                                    |     |        | add_ln62_9  | add  | fabric    | 0       |
|    add_ln63_9_fu_4499_p2                                                    |     |        | add_ln63_9  | add  | fabric    | 0       |
|    add_ln58_13_fu_4535_p2                                                   |     |        | add_ln58_13 | add  | fabric    | 0       |
|    add_ln59_10_fu_4546_p2                                                   |     |        | add_ln59_10 | add  | fabric    | 0       |
|    add_ln60_10_fu_4576_p2                                                   |     |        | add_ln60_10 | add  | fabric    | 0       |
|    add_ln61_10_fu_4586_p2                                                   |     |        | add_ln61_10 | add  | fabric    | 0       |
|    add_ln62_10_fu_4616_p2                                                   |     |        | add_ln62_10 | add  | fabric    | 0       |
|    add_ln63_10_fu_4626_p2                                                   |     |        | add_ln63_10 | add  | fabric    | 0       |
|    add_ln58_14_fu_4650_p2                                                   |     |        | add_ln58_14 | add  | fabric    | 0       |
|    add_ln59_11_fu_4659_p2                                                   |     |        | add_ln59_11 | add  | fabric    | 0       |
|    add_ln60_11_fu_4678_p2                                                   |     |        | add_ln60_11 | add  | fabric    | 0       |
|    add_ln61_11_fu_4687_p2                                                   |     |        | add_ln61_11 | add  | fabric    | 0       |
|    add_ln62_11_fu_4706_p2                                                   |     |        | add_ln62_11 | add  | fabric    | 0       |
|    add_ln63_11_fu_4715_p2                                                   |     |        | add_ln63_11 | add  | fabric    | 0       |
|    add_ln58_15_fu_4741_p2                                                   |     |        | add_ln58_15 | add  | fabric    | 0       |
|    add_ln59_12_fu_4751_p2                                                   |     |        | add_ln59_12 | add  | fabric    | 0       |
|    add_ln60_12_fu_4770_p2                                                   |     |        | add_ln60_12 | add  | fabric    | 0       |
|    add_ln61_12_fu_4779_p2                                                   |     |        | add_ln61_12 | add  | fabric    | 0       |
|    add_ln62_12_fu_4798_p2                                                   |     |        | add_ln62_12 | add  | fabric    | 0       |
|    add_ln63_12_fu_4807_p2                                                   |     |        | add_ln63_12 | add  | fabric    | 0       |
|    add_ln58_16_fu_4830_p2                                                   |     |        | add_ln58_16 | add  | fabric    | 0       |
|    add_ln59_13_fu_4839_p2                                                   |     |        | add_ln59_13 | add  | fabric    | 0       |
|    add_ln60_13_fu_4858_p2                                                   |     |        | add_ln60_13 | add  | fabric    | 0       |
|    add_ln61_13_fu_4867_p2                                                   |     |        | add_ln61_13 | add  | fabric    | 0       |
|    add_ln62_13_fu_4886_p2                                                   |     |        | add_ln62_13 | add  | fabric    | 0       |
|    add_ln63_13_fu_4895_p2                                                   |     |        | add_ln63_13 | add  | fabric    | 0       |
|    add_ln58_17_fu_4918_p2                                                   |     |        | add_ln58_17 | add  | fabric    | 0       |
|    add_ln59_14_fu_4927_p2                                                   |     |        | add_ln59_14 | add  | fabric    | 0       |
|    add_ln60_14_fu_4946_p2                                                   |     |        | add_ln60_14 | add  | fabric    | 0       |
|    add_ln61_14_fu_4955_p2                                                   |     |        | add_ln61_14 | add  | fabric    | 0       |
|    add_ln62_14_fu_4974_p2                                                   |     |        | add_ln62_14 | add  | fabric    | 0       |
|    add_ln63_14_fu_4983_p2                                                   |     |        | add_ln63_14 | add  | fabric    | 0       |
|    add_ln58_18_fu_5016_p2                                                   |     |        | add_ln58_18 | add  | fabric    | 0       |
|    add_ln59_15_fu_5026_p2                                                   |     |        | add_ln59_15 | add  | fabric    | 0       |
|    add_ln60_15_fu_5056_p2                                                   |     |        | add_ln60_15 | add  | fabric    | 0       |
|    add_ln61_15_fu_5066_p2                                                   |     |        | add_ln61_15 | add  | fabric    | 0       |
|    add_ln62_15_fu_5096_p2                                                   |     |        | add_ln62_15 | add  | fabric    | 0       |
|    add_ln63_15_fu_5106_p2                                                   |     |        | add_ln63_15 | add  | fabric    | 0       |
|    add_ln58_19_fu_5130_p2                                                   |     |        | add_ln58_19 | add  | fabric    | 0       |
|    add_ln59_16_fu_5139_p2                                                   |     |        | add_ln59_16 | add  | fabric    | 0       |
|    add_ln60_16_fu_5158_p2                                                   |     |        | add_ln60_16 | add  | fabric    | 0       |
|    add_ln61_16_fu_5167_p2                                                   |     |        | add_ln61_16 | add  | fabric    | 0       |
|    add_ln62_16_fu_5186_p2                                                   |     |        | add_ln62_16 | add  | fabric    | 0       |
|    add_ln63_16_fu_5195_p2                                                   |     |        | add_ln63_16 | add  | fabric    | 0       |
|    add_ln58_20_fu_5218_p2                                                   |     |        | add_ln58_20 | add  | fabric    | 0       |
|    add_ln59_17_fu_5227_p2                                                   |     |        | add_ln59_17 | add  | fabric    | 0       |
|    add_ln60_17_fu_5246_p2                                                   |     |        | add_ln60_17 | add  | fabric    | 0       |
|    add_ln61_17_fu_5255_p2                                                   |     |        | add_ln61_17 | add  | fabric    | 0       |
|    add_ln62_17_fu_5274_p2                                                   |     |        | add_ln62_17 | add  | fabric    | 0       |
|    add_ln63_17_fu_5283_p2                                                   |     |        | add_ln63_17 | add  | fabric    | 0       |
|    add_ln58_21_fu_5306_p2                                                   |     |        | add_ln58_21 | add  | fabric    | 0       |
|    add_ln59_18_fu_5315_p2                                                   |     |        | add_ln59_18 | add  | fabric    | 0       |
|    add_ln60_18_fu_5334_p2                                                   |     |        | add_ln60_18 | add  | fabric    | 0       |
|    add_ln61_18_fu_5343_p2                                                   |     |        | add_ln61_18 | add  | fabric    | 0       |
|    add_ln62_18_fu_5367_p2                                                   |     |        | add_ln62_18 | add  | fabric    | 0       |
|    add_ln63_18_fu_5376_p2                                                   |     |        | add_ln63_18 | add  | fabric    | 0       |
|    add_ln58_22_fu_5436_p2                                                   |     |        | add_ln58_22 | add  | fabric    | 0       |
|    add_ln59_19_fu_5389_p2                                                   |     |        | add_ln59_19 | add  | fabric    | 0       |
|    add_ln60_19_fu_5393_p2                                                   |     |        | add_ln60_19 | add  | fabric    | 0       |
|    add_ln61_19_fu_5463_p2                                                   |     |        | add_ln61_19 | add  | fabric    | 0       |
|    add_ln62_19_fu_5482_p2                                                   |     |        | add_ln62_19 | add  | fabric    | 0       |
|    add_ln63_19_fu_5397_p2                                                   |     |        | add_ln63_19 | add  | fabric    | 0       |
|    add_ln58_23_fu_5514_p2                                                   |     |        | add_ln58_23 | add  | fabric    | 0       |
|    add_ln59_20_fu_5401_p2                                                   |     |        | add_ln59_20 | add  | fabric    | 0       |
|    add_ln60_20_fu_5548_p2                                                   |     |        | add_ln60_20 | add  | fabric    | 0       |
|    add_ln61_20_fu_5562_p2                                                   |     |        | add_ln61_20 | add  | fabric    | 0       |
|    add_ln62_20_fu_5592_p2                                                   |     |        | add_ln62_20 | add  | fabric    | 0       |
|    add_ln63_20_fu_5602_p2                                                   |     |        | add_ln63_20 | add  | fabric    | 0       |
|    add_ln58_24_fu_5626_p2                                                   |     |        | add_ln58_24 | add  | fabric    | 0       |
|    add_ln59_21_fu_5406_p2                                                   |     |        | add_ln59_21 | add  | fabric    | 0       |
|    add_ln60_21_fu_5649_p2                                                   |     |        | add_ln60_21 | add  | fabric    | 0       |
|    add_ln61_21_fu_5662_p2                                                   |     |        | add_ln61_21 | add  | fabric    | 0       |
|    add_ln62_21_fu_5681_p2                                                   |     |        | add_ln62_21 | add  | fabric    | 0       |
|    add_ln63_21_fu_5690_p2                                                   |     |        | add_ln63_21 | add  | fabric    | 0       |
|    add_ln58_25_fu_5713_p2                                                   |     |        | add_ln58_25 | add  | fabric    | 0       |
|    add_ln59_22_fu_5411_p2                                                   |     |        | add_ln59_22 | add  | fabric    | 0       |
|    add_ln60_22_fu_5736_p2                                                   |     |        | add_ln60_22 | add  | fabric    | 0       |
|    add_ln61_22_fu_5749_p2                                                   |     |        | add_ln61_22 | add  | fabric    | 0       |
|    add_ln62_22_fu_5768_p2                                                   |     |        | add_ln62_22 | add  | fabric    | 0       |
|    add_ln63_22_fu_5777_p2                                                   |     |        | add_ln63_22 | add  | fabric    | 0       |
|    add_ln58_26_fu_5800_p2                                                   |     |        | add_ln58_26 | add  | fabric    | 0       |
|    add_ln59_23_fu_5416_p2                                                   |     |        | add_ln59_23 | add  | fabric    | 0       |
|    add_ln60_23_fu_5823_p2                                                   |     |        | add_ln60_23 | add  | fabric    | 0       |
|    add_ln61_23_fu_5836_p2                                                   |     |        | add_ln61_23 | add  | fabric    | 0       |
|    add_ln62_23_fu_5845_p2                                                   |     |        | add_ln62_23 | add  | fabric    | 0       |
|    add_ln63_23_fu_5849_p2                                                   |     |        | add_ln63_23 | add  | fabric    | 0       |
|    add_ln58_27_fu_5853_p2                                                   |     |        | add_ln58_27 | add  | fabric    | 0       |
|    add_ln59_24_fu_5421_p2                                                   |     |        | add_ln59_24 | add  | fabric    | 0       |
|    add_ln60_24_fu_5857_p2                                                   |     |        | add_ln60_24 | add  | fabric    | 0       |
|    add_ln61_24_fu_5861_p2                                                   |     |        | add_ln61_24 | add  | fabric    | 0       |
|    add_ln62_24_fu_5865_p2                                                   |     |        | add_ln62_24 | add  | fabric    | 0       |
|    add_ln63_24_fu_5869_p2                                                   |     |        | add_ln63_24 | add  | fabric    | 0       |
|    add_ln66_1_fu_3578_p2                                                    |     |        | add_ln66_1  | add  | fabric    | 0       |
|    mac_muladd_6ns_5ns_3ns_11_4_1_U28                                        | 1   |        | add_ln66_2  | add  | dsp_slice | 3       |
|    add_ln66_fu_3588_p2                                                      |     |        | add_ln66    | add  | fabric    | 0       |
|    add_ln52_fu_3457_p2                                                      |     |        | add_ln52    | add  | fabric    | 0       |
|    add_ln51_1_fu_3305_p2                                                    |     |        | add_ln51_1  | add  | fabric    | 0       |
|   + SIGMOID (grp_SIGMOID_fu_2897)                                           | 11  |        |             |      |           |         |
|     dmul_64ns_64ns_64_4_max_dsp_1_U5                                        | 11  |        | p_op        | dmul | maxdsp    | 3       |
|     add_ln486_fu_269_p2                                                     |     |        | add_ln486   | add  | fabric    | 0       |
|     sub_ln18_fu_283_p2                                                      |     |        | sub_ln18    | sub  | fabric    | 0       |
|     result_2_fu_349_p2                                                      |     |        | result_2    | sub  | fabric    | 0       |
+-----------------------------------------------------------------------------+-----+--------+-------------+------+-----------+---------+


================================================================
== Storage Report
================================================================
+-----------------------------------------------------------------------------+--------------+-----------+------+------+--------+--------------------+------+---------+------------------+
| Name                                                                        | Usage        | Type      | BRAM | URAM | Pragma | Variable           | Impl | Latency | Bitwidth, Depth, |
|                                                                             |              |           |      |      |        |                    |      |         | Banks            |
+-----------------------------------------------------------------------------+--------------+-----------+------+------+--------+--------------------+------+---------+------------------+
| + cnn_lenet                                                                 |              |           | 26   | 0    |        |                    |      |         |                  |
|   CTRL_bus_s_axi_U                                                          | interface    | s_axilite |      |      |        |                    |      |         |                  |
|   Layer_Neurons_s_axi_U                                                     | interface    | s_axilite | 6    |      |        |                    |      |         |                  |
|   Layer2_Neurons_CPU_U                                                      | rom_np array |           | 2    |      |        | Layer2_Neurons_CPU | auto | 1       | 32, 1014, 1      |
|  + cnn_lenet_Pipeline_calculateLayer2_loop_OutputRow_Loop_OutputColumn_Loop |              |           | 1    | 0    |        |                    |      |         |                  |
|    Layer1_Weights_CPU_U                                                     | rom_1p       |           | 1    |      |        | Layer1_Weights_CPU | auto | 1       | 32, 156, 1       |
|   + SIGMOID (grp_SIGMOID_fu_625)                                            |              |           | 1    | 0    |        |                    |      |         |                  |
|     sigmoidLUT_1_U                                                          | ram_1p       |           | 1    |      | pragma | sigmoidLUT_1       | bram | 1       | 32, 256, 1       |
|  + cnn_lenet_Pipeline_calculateLayer3_loop_row_Loop_col_loop                |              |           | 16   | 0    |        |                    |      |         |                  |
|    Layer2_Weights_CPU_U                                                     | rom_1p       |           | 16   |      |        | Layer2_Weights_CPU | auto | 1       | 32, 7800, 1      |
|   + SIGMOID (grp_SIGMOID_fu_2897)                                           |              |           | 1    | 0    |        |                    |      |         |                  |
|     sigmoidLUT_1_U                                                          | ram_1p       |           | 1    |      | pragma | sigmoidLUT_1       | bram | 1       | 32, 256, 1       |
+-----------------------------------------------------------------------------+--------------+-----------+------+------+--------+--------------------+------+---------+------------------+


================================================================
== Pragma Report
================================================================
* Valid Pragma Syntax
+--------------+-------------------------------------------------------------+---------------------------------------------------+
| Type         | Options                                                     | Location                                          |
+--------------+-------------------------------------------------------------+---------------------------------------------------+
| interface    | mode=s_axilite port=Layer1_Neurons_CPU bundle=Layer_Neurons | cnn_lenet.cpp:13 in cnn_lenet, Layer1_Neurons_CPU |
| interface    | mode=s_axilite port=Layer3_Neurons_CPU bundle=Layer_Neurons | cnn_lenet.cpp:14 in cnn_lenet, Layer3_Neurons_CPU |
| interface    | mode=s_axilite port=return bundle=CTRL_bus                  | cnn_lenet.cpp:16 in cnn_lenet, return             |
| pipeline     | II=26                                                       | cnn_lenet.cpp:35 in cnn_lenet                     |
| pipeline     | II=2                                                        | cnn_lenet.cpp:39 in cnn_lenet                     |
| pipeline     | II=152                                                      | cnn_lenet.cpp:53 in cnn_lenet                     |
| pipeline     | II=2                                                        | cnn_lenet.cpp:57 in cnn_lenet                     |
| bind_storage | variable=sigmoidLUT type=RAM_1P impl=BRAM                   | sigmoid.cpp:10 in sigmoid, sigmoidLUT             |
| pipeline     | II=1                                                        | sigmoid.cpp:17 in sigmoid                         |
+--------------+-------------------------------------------------------------+---------------------------------------------------+


