#-----------------------------------------------------------
# xsim v2023.2 (64-bit)
# SW Build 4029153 on Fri Oct 13 20:14:34 MDT 2023
# IP Build 4028589 on Sat Oct 14 00:45:43 MDT 2023
# SharedData Build 4025554 on Tue Oct 10 17:18:54 MDT 2023
# Start of session at: Tue Jan 28 12:14:53 2025
# Process ID: 16552
# Current directory: C:/Users/TRETEC/OneDrive/Documents/Master2/HLS-FPGA/cnn_hls/CNN_lenet5/solution5/sim/verilog
# Command line: xsim.exe -mode tcl -source {xsim.dir/calculateLayer2/xsim_script.tcl}
# Log file: C:/Users/TRETEC/OneDrive/Documents/Master2/HLS-FPGA/cnn_hls/CNN_lenet5/solution5/sim/verilog/xsim.log
# Journal file: C:/Users/TRETEC/OneDrive/Documents/Master2/HLS-FPGA/cnn_hls/CNN_lenet5/solution5/sim/verilog\xsim.jou
# Running On: DESKTOP-FH4MGCP, OS: Windows, CPU Frequency: 2096 MHz, CPU Physical cores: 8, Host memory: 14904 MB
#-----------------------------------------------------------
source xsim.dir/calculateLayer2/xsim_script.tcl
open_wave_config calculateLayer2_dataflow_ana.wcfg
source calculateLayer2.tcl
