

================================================================
== Vitis HLS Report for 'SIGMOID'
================================================================
* Date:           Thu Jan 30 14:34:22 2025

* Version:        2023.2 (Build 4023990 on Oct 11 2023)
* Project:        CNN_lenet5
* Solution:       solution7 (Vivado IP Flow Target)
* Product family: zynq
* Target device:  xc7z020-clg484-1


================================================================
== Performance Estimates
================================================================
+ Timing: 
    * Summary: 
    +--------+----------+-----------+------------+
    |  Clock |  Target  | Estimated | Uncertainty|
    +--------+----------+-----------+------------+
    |ap_clk  |  20.00 ns|  13.966 ns|     5.40 ns|
    +--------+----------+-----------+------------+

+ Latency: 
    * Summary: 
    +---------+---------+----------+----------+-----+-----+---------+
    |  Latency (cycles) |  Latency (absolute) |  Interval | Pipeline|
    |   min   |   max   |    min   |    max   | min | max |   Type  |
    +---------+---------+----------+----------+-----+-----+---------+
    |        9|        9|  0.180 us|  0.180 us|    1|    1|      yes|
    +---------+---------+----------+----------+-----+-----+---------+

    + Detail: 
        * Instance: 
        N/A

        * Loop: 
        N/A



================================================================
== Utilization Estimates
================================================================
* Summary: 
+-----------------+---------+-----+--------+-------+-----+
|       Name      | BRAM_18K| DSP |   FF   |  LUT  | URAM|
+-----------------+---------+-----+--------+-------+-----+
|DSP              |        -|    -|       -|      -|    -|
|Expression       |        -|    -|       0|   1283|    -|
|FIFO             |        -|    -|       -|      -|    -|
|Instance         |        -|   11|     275|    558|    -|
|Memory           |        1|    -|       0|      0|    -|
|Multiplexer      |        -|    -|       -|      -|    -|
|Register         |        -|    -|     503|    160|    -|
+-----------------+---------+-----+--------+-------+-----+
|Total            |        1|   11|     778|   2001|    0|
+-----------------+---------+-----+--------+-------+-----+
|Available        |      280|  220|  106400|  53200|    0|
+-----------------+---------+-----+--------+-------+-----+
|Utilization (%)  |       ~0|    5|      ~0|      3|    0|
+-----------------+---------+-----+--------+-------+-----+

+ Detail: 
    * Instance: 
    +----------------------------------+-------------------------------+---------+----+-----+-----+-----+
    |             Instance             |             Module            | BRAM_18K| DSP|  FF | LUT | URAM|
    +----------------------------------+-------------------------------+---------+----+-----+-----+-----+
    |dmul_64ns_64ns_64_4_max_dsp_1_U5  |dmul_64ns_64ns_64_4_max_dsp_1  |        0|  11|  275|  558|    0|
    |fcmp_32ns_32ns_1_2_no_dsp_1_U2    |fcmp_32ns_32ns_1_2_no_dsp_1    |        0|   0|    0|    0|    0|
    |fcmp_32ns_32ns_1_2_no_dsp_1_U3    |fcmp_32ns_32ns_1_2_no_dsp_1    |        0|   0|    0|    0|    0|
    |fcmp_32ns_32ns_1_2_no_dsp_1_U4    |fcmp_32ns_32ns_1_2_no_dsp_1    |        0|   0|    0|    0|    0|
    |fpext_32ns_64_2_no_dsp_1_U1       |fpext_32ns_64_2_no_dsp_1       |        0|   0|    0|    0|    0|
    +----------------------------------+-------------------------------+---------+----+-----+-----+-----+
    |Total                             |                               |        0|  11|  275|  558|    0|
    +----------------------------------+-------------------------------+---------+----+-----+-----+-----+

    * DSP: 
    N/A

    * Memory: 
    +----------------+---------------------------------------+---------+---+----+-----+------+-----+------+-------------+
    |     Memory     |                 Module                | BRAM_18K| FF| LUT| URAM| Words| Bits| Banks| W*Bits*Banks|
    +----------------+---------------------------------------+---------+---+----+-----+------+-----+------+-------------+
    |sigmoidLUT_1_U  |SIGMOID_sigmoidLUT_1_RAM_1P_BRAM_1R1W  |        1|  0|   0|    0|   256|   32|     1|         8192|
    +----------------+---------------------------------------+---------+---+----+-----+------+-----+------+-------------+
    |Total           |                                       |        1|  0|   0|    0|   256|   32|     1|         8192|
    +----------------+---------------------------------------+---------+---+----+-----+------+-----+------+-------------+

    * FIFO: 
    N/A

    * Expression: 
    +-----------------------+----------+----+---+-----+------------+------------+
    |     Variable Name     | Operation| DSP| FF| LUT | Bitwidth P0| Bitwidth P1|
    +-----------------------+----------+----+---+-----+------------+------------+
    |add_ln486_fu_269_p2    |         +|   0|  0|   12|          12|          11|
    |result_2_fu_349_p2     |         -|   0|  0|   15|           1|           8|
    |sub_ln18_fu_283_p2     |         -|   0|  0|   12|          10|          11|
    |and_ln12_fu_154_p2     |       and|   0|  0|    2|           1|           1|
    |and_ln15_fu_213_p2     |       and|   0|  0|    2|           1|           1|
    |and_ln19_fu_367_p2     |       and|   0|  0|    2|           1|           1|
    |icmp_ln12_1_fu_142_p2  |      icmp|   0|  0|   30|          23|           1|
    |icmp_ln12_fu_136_p2    |      icmp|   0|  0|   15|           8|           2|
    |icmp_ln15_1_fu_203_p2  |      icmp|   0|  0|   30|          23|           1|
    |icmp_ln15_fu_197_p2    |      icmp|   0|  0|   15|           8|           2|
    |lshr_ln18_fu_309_p2    |      lshr|   0|  0|  460|         137|         137|
    |or_ln12_fu_148_p2      |        or|   0|  0|    2|           1|           1|
    |or_ln15_fu_209_p2      |        or|   0|  0|    2|           1|           1|
    |ap_return              |    select|   0|  0|   32|           1|          32|
    |data_fu_221_p3         |    select|   0|  0|   64|           1|          63|
    |result_fu_355_p3       |    select|   0|  0|    8|           1|           8|
    |select_ln12_fu_170_p3  |    select|   0|  0|   32|           1|          32|
    |select_ln18_fu_293_p3  |    select|   0|  0|   12|           1|          12|
    |val_fu_341_p3          |    select|   0|  0|    8|           1|           8|
    |shl_ln18_fu_315_p2     |       shl|   0|  0|  460|         137|         137|
    |ap_enable_pp0          |       xor|   0|  0|    2|           1|           2|
    |xor_ln12_fu_160_p2     |       xor|   0|  0|   33|          32|          33|
    |xor_ln20_fu_375_p2     |       xor|   0|  0|   33|          32|          33|
    +-----------------------+----------+----+---+-----+------------+------------+
    |Total                  |          |   0|  0| 1283|         435|         538|
    +-----------------------+----------+----+---+-----+------------+------------+

    * Multiplexer: 
    N/A

    * Register: 
    +-------------------------+----+----+-----+-----------+
    |           Name          | FF | LUT| Bits| Const Bits|
    +-------------------------+----+----+-----+-----------+
    |ap_CS_fsm                |   1|   0|    1|          0|
    |ap_enable_reg_pp0_iter1  |   1|   0|    1|          0|
    |ap_enable_reg_pp0_iter2  |   1|   0|    1|          0|
    |ap_enable_reg_pp0_iter3  |   1|   0|    1|          0|
    |ap_enable_reg_pp0_iter4  |   1|   0|    1|          0|
    |ap_enable_reg_pp0_iter5  |   1|   0|    1|          0|
    |ap_enable_reg_pp0_iter6  |   1|   0|    1|          0|
    |ap_enable_reg_pp0_iter7  |   1|   0|    1|          0|
    |ap_enable_reg_pp0_iter8  |   1|   0|    1|          0|
    |ap_enable_reg_pp0_iter9  |   1|   0|    1|          0|
    |icmp_ln15_1_reg_417      |   1|   0|    1|          0|
    |icmp_ln15_reg_412        |   1|   0|    1|          0|
    |or_ln12_reg_401          |   1|   0|    1|          0|
    |p_op_reg_437             |  64|   0|   64|          0|
    |result_reg_442           |   8|   0|    8|          0|
    |tmp_4_reg_422            |   1|   0|    1|          0|
    |tmp_7_reg_432            |   1|   0|    1|          0|
    |tmp_reg_427              |  64|   0|   64|          0|
    |x_read_reg_393           |  32|   0|   32|          0|
    |icmp_ln15_1_reg_417      |  64|  32|    1|          0|
    |icmp_ln15_reg_412        |  64|  32|    1|          0|
    |or_ln12_reg_401          |  64|  32|    1|          0|
    |tmp_4_reg_422            |  64|  32|    1|          0|
    |tmp_7_reg_432            |  64|  32|    1|          0|
    +-------------------------+----+----+-----+-----------+
    |Total                    | 503| 160|  188|          0|
    +-------------------------+----+----+-----+-----------+



================================================================
== Interface
================================================================
* Summary: 
+-----------+-----+-----+------------+--------------+--------------+
| RTL Ports | Dir | Bits|  Protocol  | Source Object|    C Type    |
+-----------+-----+-----+------------+--------------+--------------+
|ap_clk     |   in|    1|  ap_ctrl_hs|       SIGMOID|  return value|
|ap_rst     |   in|    1|  ap_ctrl_hs|       SIGMOID|  return value|
|ap_start   |   in|    1|  ap_ctrl_hs|       SIGMOID|  return value|
|ap_done    |  out|    1|  ap_ctrl_hs|       SIGMOID|  return value|
|ap_idle    |  out|    1|  ap_ctrl_hs|       SIGMOID|  return value|
|ap_ready   |  out|    1|  ap_ctrl_hs|       SIGMOID|  return value|
|ap_ce      |   in|    1|  ap_ctrl_hs|       SIGMOID|  return value|
|ap_return  |  out|   32|  ap_ctrl_hs|       SIGMOID|  return value|
|x          |   in|   32|     ap_none|             x|        scalar|
+-----------+-----+-----+------------+--------------+--------------+

